Archive member included to satisfy reference by file (symbol)

c:/nxp/mcuxpressoide_11.0.1_2563/ide/plugins/com.nxp.mcuxpresso.tools.win32_11.0.1.201907311258/tools/bin/../lib/gcc/arm-none-eabi/8.2.1/../../../../arm-none-eabi/lib/thumb/v6-m/nofp\libcr_semihost_nf.a(_cr__main.o)
                              ./startup/startup_mkl25z4.o (__main)
c:/nxp/mcuxpressoide_11.0.1_2563/ide/plugins/com.nxp.mcuxpresso.tools.win32_11.0.1.201907311258/tools/bin/../lib/gcc/arm-none-eabi/8.2.1/../../../../arm-none-eabi/lib/thumb/v6-m/nofp\libcr_semihost_nf.a(_cr_assert.o)
                              ./drivers/fsl_clock.o (__assertion_failed)
c:/nxp/mcuxpressoide_11.0.1_2563/ide/plugins/com.nxp.mcuxpresso.tools.win32_11.0.1.201907311258/tools/bin/../lib/gcc/arm-none-eabi/8.2.1/../../../../arm-none-eabi/lib/thumb/v6-m/nofp\libcr_semihost_nf.a(__ciob.o)
                              c:/nxp/mcuxpressoide_11.0.1_2563/ide/plugins/com.nxp.mcuxpresso.tools.win32_11.0.1.201907311258/tools/bin/../lib/gcc/arm-none-eabi/8.2.1/../../../../arm-none-eabi/lib/thumb/v6-m/nofp\libcr_semihost_nf.a(_cr_assert.o) (__Ciob)
c:/nxp/mcuxpressoide_11.0.1_2563/ide/plugins/com.nxp.mcuxpresso.tools.win32_11.0.1.201907311258/tools/bin/../lib/gcc/arm-none-eabi/8.2.1/../../../../arm-none-eabi/lib/thumb/v6-m/nofp\libcr_semihost_nf.a(__sys_appexit.o)
                              c:/nxp/mcuxpressoide_11.0.1_2563/ide/plugins/com.nxp.mcuxpresso.tools.win32_11.0.1.201907311258/tools/bin/../lib/gcc/arm-none-eabi/8.2.1/../../../../arm-none-eabi/lib/thumb/v6-m/nofp\libcr_semihost_nf.a(_cr_assert.o) (__sys_appexit)
c:/nxp/mcuxpressoide_11.0.1_2563/ide/plugins/com.nxp.mcuxpresso.tools.win32_11.0.1.201907311258/tools/bin/../lib/gcc/arm-none-eabi/8.2.1/../../../../arm-none-eabi/lib/thumb/v6-m/nofp\libcr_c.a(memcpy.o)
                              ./drivers/fsl_flash.o (memcpy)
c:/nxp/mcuxpressoide_11.0.1_2563/ide/plugins/com.nxp.mcuxpresso.tools.win32_11.0.1.201907311258/tools/bin/../lib/gcc/arm-none-eabi/8.2.1/../../../../arm-none-eabi/lib/thumb/v6-m/nofp\libcr_c.a(memset.o)
                              ./source/application.o (memset)
c:/nxp/mcuxpressoide_11.0.1_2563/ide/plugins/com.nxp.mcuxpresso.tools.win32_11.0.1.201907311258/tools/bin/../lib/gcc/arm-none-eabi/8.2.1/../../../../arm-none-eabi/lib/thumb/v6-m/nofp\libcr_c.a(_deferredlazyseek.o)
                              c:/nxp/mcuxpressoide_11.0.1_2563/ide/plugins/com.nxp.mcuxpresso.tools.win32_11.0.1.201907311258/tools/bin/../lib/gcc/arm-none-eabi/8.2.1/../../../../arm-none-eabi/lib/thumb/v6-m/nofp\libcr_semihost_nf.a(_cr_assert.o) (__flsbuf)
c:/nxp/mcuxpressoide_11.0.1_2563/ide/plugins/com.nxp.mcuxpresso.tools.win32_11.0.1.201907311258/tools/bin/../lib/gcc/arm-none-eabi/8.2.1/../../../../arm-none-eabi/lib/thumb/v6-m/nofp\libcr_c.a(_fflush.o)
                              c:/nxp/mcuxpressoide_11.0.1_2563/ide/plugins/com.nxp.mcuxpresso.tools.win32_11.0.1.201907311258/tools/bin/../lib/gcc/arm-none-eabi/8.2.1/../../../../arm-none-eabi/lib/thumb/v6-m/nofp\libcr_c.a(_deferredlazyseek.o) (_fflush)
c:/nxp/mcuxpressoide_11.0.1_2563/ide/plugins/com.nxp.mcuxpresso.tools.win32_11.0.1.201907311258/tools/bin/../lib/gcc/arm-none-eabi/8.2.1/../../../../arm-none-eabi/lib/thumb/v6-m/nofp\libcr_c.a(_writebuf.o)
                              c:/nxp/mcuxpressoide_11.0.1_2563/ide/plugins/com.nxp.mcuxpresso.tools.win32_11.0.1.201907311258/tools/bin/../lib/gcc/arm-none-eabi/8.2.1/../../../../arm-none-eabi/lib/thumb/v6-m/nofp\libcr_c.a(_deferredlazyseek.o) (_Cwritebuf)
c:/nxp/mcuxpressoide_11.0.1_2563/ide/plugins/com.nxp.mcuxpresso.tools.win32_11.0.1.201907311258/tools/bin/../lib/gcc/arm-none-eabi/8.2.1/../../../../arm-none-eabi/lib/thumb/v6-m/nofp\libcr_c.a(alloc.o)
                              ./source/circular_buffer.o (free)
c:/nxp/mcuxpressoide_11.0.1_2563/ide/plugins/com.nxp.mcuxpresso.tools.win32_11.0.1.201907311258/tools/bin/../lib/gcc/arm-none-eabi/8.2.1/../../../../arm-none-eabi/lib/thumb/v6-m/nofp\libcr_c.a(fputs.o)
                              c:/nxp/mcuxpressoide_11.0.1_2563/ide/plugins/com.nxp.mcuxpresso.tools.win32_11.0.1.201907311258/tools/bin/../lib/gcc/arm-none-eabi/8.2.1/../../../../arm-none-eabi/lib/thumb/v6-m/nofp\libcr_semihost_nf.a(_cr_assert.o) (fputs)
c:/nxp/mcuxpressoide_11.0.1_2563/ide/plugins/com.nxp.mcuxpresso.tools.win32_11.0.1.201907311258/tools/bin/../lib/gcc/arm-none-eabi/8.2.1/../../../../arm-none-eabi/lib/thumb/v6-m/nofp\libcr_c.a(fseek.o)
                              c:/nxp/mcuxpressoide_11.0.1_2563/ide/plugins/com.nxp.mcuxpresso.tools.win32_11.0.1.201907311258/tools/bin/../lib/gcc/arm-none-eabi/8.2.1/../../../../arm-none-eabi/lib/thumb/v6-m/nofp\libcr_c.a(_deferredlazyseek.o) (fseek)
c:/nxp/mcuxpressoide_11.0.1_2563/ide/plugins/com.nxp.mcuxpresso.tools.win32_11.0.1.201907311258/tools/bin/../lib/gcc/arm-none-eabi/8.2.1/../../../../arm-none-eabi/lib/thumb/v6-m/nofp\libcr_c.a(ftell.o)
[...]
Memory Configuration

Name             Origin             Length             Attributes
PROGRAM_FLASH    0x00000000         0x00020000         xr
SRAM             0x1ffff000         0x00004000         xrw
*default*        0x00000000         0xffffffff

Linker script and memory map

LOAD ./utilities/fsl_debug_console.o
LOAD ./startup/startup_mkl25z4.o
LOAD ./source/System.o
LOAD ./source/application.o
LOAD ./source/circular_buffer.o
LOAD ./source/functions_enum_list.o
LOAD ./source/led_control.o
LOAD ./source/logger.o
LOAD ./source/main.o
LOAD ./source/mtb.o
LOAD ./source/project_5_tests.o
LOAD ./source/semihost_hardfault.o
LOAD ./source/timing_control.o
LOAD ./source/uart0_control.o
LOAD ./drivers/fsl_clock.o
LOAD ./drivers/fsl_common.o
LOAD ./drivers/fsl_flash.o
LOAD ./drivers/fsl_gpio.o
LOAD ./drivers/fsl_lpsci.o
LOAD ./drivers/fsl_smc.o
LOAD ./drivers/fsl_uart.o
LOAD ./board/board.o
LOAD ./board/clock_config.o
LOAD ./board/peripherals.o
LOAD ./board/pin_mux.o
LOAD ./CMSIS/system_MKL25Z4.o
START GROUP
LOAD c:/nxp/mcuxpressoide_11.0.1_2563/ide/plugins/com.nxp.mcuxpresso.tools.win32_11.0.1.201907311258/tools/bin/../lib/gcc/arm-none-eabi/8.2.1/../../../../arm-none-eabi/lib/thumb/v6-m/nofp\libcr_semihost_nf.a
LOAD c:/nxp/mcuxpressoide_11.0.1_2563/ide/plugins/com.nxp.mcuxpresso.tools.win32_11.0.1.201907311258/tools/bin/../lib/gcc/arm-none-eabi/8.2.1/../../../../arm-none-eabi/lib/thumb/v6-m/nofp\libcr_c.a
LOAD c:/nxp/mcuxpressoide_11.0.1_2563/ide/plugins/com.nxp.mcuxpresso.tools.win32_11.0.1.201907311258/tools/bin/../lib/gcc/arm-none-eabi/8.2.1/thumb/v6-m/nofp\libcr_eabihelpers.a
LOAD c:/nxp/mcuxpressoide_11.0.1_2563/ide/plugins/com.nxp.mcuxpresso.tools.win32_11.0.1.201907311258/tools/bin/../lib/gcc/arm-none-eabi/8.2.1/thumb/v6-m/nofp\libgcc.a
END GROUP
                0x00000000                __base_PROGRAM_FLASH = 0x0
                0x00000000                __base_Flash = 0x0
                0x00020000                __top_PROGRAM_FLASH = 0x20000
                0x00020000                __top_Flash = 0x20000
                0x1ffff000                __base_SRAM = 0x1ffff000
                0x1ffff000                __base_RAM = 0x1ffff000
                0x20003000                __top_SRAM = 0x20003000
                0x20003000                __top_RAM = 0x20003000

.text           0x00000000     0x68c8
 FILL mask 0xff
                0x00000000                __vectors_start__ = ABSOLUTE (.)
 *(SORT_BY_ALIGNMENT(.isr_vector))
 .isr_vector    0x00000000       0xc0 ./startup/startup_mkl25z4.o
                0x00000000                g_pfnVectors
                0x00000000                __Vectors
                0x000000c0                . = ALIGN (0x4)
                0x000000c0                __section_table_start = .
                0x000000c0                __data_section_table = .
                0x000000c0        0x4 LONG 0x68c8 LOADADDR (.data)
                0x000000c4        0x4 LONG 0x1ffff000 ADDR (.data)
                0x000000c8        0x4 LONG 0x8 SIZEOF (.data)
                0x000000cc                __data_section_table_end = .
                0x000000cc                __bss_section_table = .
                0x000000cc        0x4 LONG 0x1ffff008 ADDR (.bss)
                0x000000d0        0x4 LONG 0xa34 SIZEOF (.bss)
                0x000000d4                __bss_section_table_end = .
                0x000000d4                __section_table_end = .
 *(SORT_BY_ALIGNMENT(.after_vectors*))
 .after_vectors.reset
                0x000000d4       0x4c ./startup/startup_mkl25z4.o
                0x000000d4                ResetISR
 .after_vectors.init_data
                0x00000120       0x12 ./startup/startup_mkl25z4.o
                0x00000120                data_init
 .after_vectors.init_bss
                0x00000132       0x10 ./startup/startup_mkl25z4.o
                0x00000132                bss_init
 .after_vectors
                0x00000142      0x10c ./startup/startup_mkl25z4.o
                0x00000142                NMI_Handler
                0x00000144                HardFault_Handler
                0x00000146                SVC_Handler
                0x00000148                PendSV_Handler
                0x0000014a                SysTick_Handler
                0x0000014c                LPTMR0_DriverIRQHandler
                0x0000014c                Reserved39_DriverIRQHandler
                0x0000014c                I2C0_DriverIRQHandler
                0x0000014c                SPI1_DriverIRQHandler
                0x0000014c                DMA0_DriverIRQHandler
                0x0000014c                PORTD_DriverIRQHandler
                0x0000014c                DMA2_DriverIRQHandler
                0x0000014c                CMP0_DriverIRQHandler
                0x0000014c                TPM2_DriverIRQHandler
                0x0000014c                ADC0_DriverIRQHandler
                0x0000014c                SPI0_DriverIRQHandler
                0x0000014c                TSI0_DriverIRQHandler
                0x0000014c                RTC_Seconds_DriverIRQHandler
                0x0000014c                I2C1_DriverIRQHandler
                0x0000014c                LLWU_DriverIRQHandler
                0x0000014c                MCG_DriverIRQHandler
                0x0000014c                DMA1_DriverIRQHandler
                0x0000014c                PIT_DriverIRQHandler
                0x0000014c                RTC_DriverIRQHandler
                0x0000014c                FTFA_DriverIRQHandler
                0x0000014c                IntDefaultHandler
                0x0000014c                USB0_DriverIRQHandler
                0x0000014c                DAC0_DriverIRQHandler
                0x0000014c                TPM1_DriverIRQHandler
                0x0000014c                LVD_LVW_DriverIRQHandler
                0x0000014c                TPM0_DriverIRQHandler
                0x0000014c                PORTA_DriverIRQHandler
                0x0000014c                Reserved45_DriverIRQHandler
                0x0000014c                Reserved20_DriverIRQHandler
                0x0000014c                DMA3_DriverIRQHandler
                0x0000014e                DMA0_IRQHandler
                0x00000156                DMA1_IRQHandler
                0x0000015e                DMA2_IRQHandler
                0x00000166                DMA3_IRQHandler
                0x0000016e                Reserved20_IRQHandler
                0x00000176                FTFA_IRQHandler
                0x0000017e                LVD_LVW_IRQHandler
                0x00000186                LLWU_IRQHandler
                0x0000018e                I2C0_IRQHandler
                0x00000196                I2C1_IRQHandler
                0x0000019e                SPI0_IRQHandler
                0x000001a6                SPI1_IRQHandler
                0x000001b6                UART1_IRQHandler
                0x000001be                UART2_IRQHandler
                0x000001c6                ADC0_IRQHandler
                0x000001ce                CMP0_IRQHandler
                0x000001d6                TPM0_IRQHandler
                0x000001de                TPM1_IRQHandler
                0x000001e6                TPM2_IRQHandler
                0x000001ee                RTC_IRQHandler
                0x000001f6                RTC_Seconds_IRQHandler
                0x000001fe                PIT_IRQHandler
                0x00000206                Reserved39_IRQHandler
                0x0000020e                USB0_IRQHandler
                0x00000216                DAC0_IRQHandler
                0x0000021e                TSI0_IRQHandler
                0x00000226                MCG_IRQHandler
                0x0000022e                LPTMR0_IRQHandler
                0x00000236                Reserved45_IRQHandler
                0x0000023e                PORTA_IRQHandler
                0x00000246                PORTD_IRQHandler
                0x00000400                . = 0x400
 *fill*         0x0000024e      0x1b2 ff
                0x00000400                PROVIDE (__FLASH_CONFIG_START__ = .)
 *(SORT_BY_ALIGNMENT(.FlashConfig))
 .FlashConfig   0x00000400       0x10 ./startup/startup_mkl25z4.o
                0x00000400                Flash_Config
                0x00000410                PROVIDE (__FLASH_CONFIG_END__ = .)
                0x00000001                ASSERT (! ((__FLASH_CONFIG_START__ == __FLASH_CONFIG_END__)), Linker Flash Config Support Enabled, but no .FlashConfig section provided within application)
 *(SORT_BY_ALIGNMENT(.text*))
 .text.DbgConsole_Init
                0x00000410       0xf0 ./utilities/fsl_debug_console.o
                0x00000410                DbgConsole_Init
 .text.__sys_write
                0x00000500       0x58 ./utilities/fsl_debug_console.o
                0x00000500                __sys_write
 .text.System_Init
                0x00000558       0x18 ./source/System.o
                0x00000558                System_Init
 .text.System_Shutdown
                0x00000570       0x1c ./source/System.o
                0x00000570                System_Shutdown
 .text.System_Safestate
                0x0000058c       0x1c ./source/System.o
                0x0000058c                System_Safestate
 .text.System_WriteInt
                0x000005a8       0x20 ./source/System.o
                0x000005a8                System_WriteInt
 .text.applicationInit
                0x000005c8       0x1c ./source/application.o
                0x000005c8                applicationInit
 .text.processAndDisplayReceivedCharacters
                0x000005e4       0x54 ./source/application.o
                0x000005e4                processAndDisplayReceivedCharacters
 .text.updateASCII_Tracker
                0x00000638       0x3c ./source/application.o
                0x00000638                updateASCII_Tracker
 .text.displayASCII_Tracker
                0x00000674       0x5c ./source/application.o
                0x00000674                displayASCII_Tracker
 .text.initializeBuffer
                0x000006d0       0x48 ./source/circular_buffer.o
                0x000006d0                initializeBuffer
 .text.addItem  0x00000718       0xa0 ./source/circular_buffer.o
                0x00000718                addItem
 .text.removeItem
                0x000007b8       0x98 ./source/circular_buffer.o
                0x000007b8                removeItem
 .text.checkIfBufferIsFull
                0x00000850       0x2c ./source/circular_buffer.o
                0x00000850                checkIfBufferIsFull
 .text.checkIfBufferIsEmpty
                0x0000087c       0x24 ./source/circular_buffer.o
                0x0000087c                checkIfBufferIsEmpty
 .text.getFunctionName
                0x000008a0       0xf4 ./source/functions_enum_list.o
                0x000008a0                getFunctionName
 .text.led_control
                0x00000994       0xd8 ./source/led_control.o
                0x00000994                led_control
 .text.Log_enable
                0x00000a6c       0x14 ./source/logger.o
                0x00000a6c                Log_enable
 .text.Log_status
                0x00000a80       0x14 ./source/logger.o
                0x00000a80                Log_status
 .text.Log_string
                0x00000a94       0x78 ./source/logger.o
                0x00000a94                Log_string
 .text.Log_newline
                0x00000b0c       0x18 ./source/logger.o
                0x00000b0c                Log_newline
 .text.main     0x00000b24       0x8c ./source/main.o
                0x00000b24                main
 .text.runProject5Tests
                0x00000bb0       0xa8 ./source/project_5_tests.o
                0x00000bb0                runProject5Tests
 .text.circularBufferInitTest
                0x00000c58      0x1dc ./source/project_5_tests.o
                0x00000c58                circularBufferInitTest
 .text.circularBufferDataAccessTest
                0x00000e34      0x484 ./source/project_5_tests.o
                0x00000e34                circularBufferDataAccessTest
 .text.circularBufferWrapRemoveTest
                0x000012b8      0x5d8 ./source/project_5_tests.o
                0x000012b8                circularBufferWrapRemoveTest
 .text.circularBufferWrapAddTest
                0x00001890      0x74c ./source/project_5_tests.o
                0x00001890                circularBufferWrapAddTest
 .text.circularBufferOverfillTest
                0x00001fdc      0x414 ./source/project_5_tests.o
                0x00001fdc                circularBufferOverfillTest
 .text.circularBufferOverEmptyTest
                0x000023f0      0x228 ./source/project_5_tests.o
                0x000023f0                circularBufferOverEmptyTest
 .text.NVIC_EnableIRQ
                0x00002618       0x2c ./source/uart0_control.o
 .text.NVIC_ClearPendingIRQ
                0x00002644       0x30 ./source/uart0_control.o
 .text.NVIC_SetPriority
                0x00002674       0xdc ./source/uart0_control.o
 .text.uart0_Init
                0x00002750      0x190 ./source/uart0_control.o
                0x00002750                uart0_Init
 .text.uart0_TransmitterAvailable
                0x000028e0       0x1c ./source/uart0_control.o
                0x000028e0                uart0_TransmitterAvailable
 .text.uart0_TransmitCharacter
                0x000028fc       0x20 ./source/uart0_control.o
                0x000028fc                uart0_TransmitCharacter
 .text.uart0_ReceiverCharacterAvailable
                0x0000291c       0x1c ./source/uart0_control.o
                0x0000291c                uart0_ReceiverCharacterAvailable
 .text.uart0_ReceiveCharacter
                0x00002938       0x14 ./source/uart0_control.o
                0x00002938                uart0_ReceiveCharacter
 .text.uart0_InterruptTransmitCharacterOnAvailablity
                0x0000294c       0x4c ./source/uart0_control.o
                0x0000294c                uart0_InterruptTransmitCharacterOnAvailablity
 .text.uart0_InterruptReceiveCharacterOnAvailability
                0x00002998       0x34 ./source/uart0_control.o
                0x00002998                uart0_InterruptReceiveCharacterOnAvailability
 .text.uart0_InterruptCheckErrors
                0x000029cc       0x38 ./source/uart0_control.o
                0x000029cc                uart0_InterruptCheckErrors
 .text.CLOCK_SetEr32kClock
                0x00002a04       0x34 ./drivers/fsl_clock.o
 .text.CLOCK_SetPllFllSelClock
                0x00002a38       0x38 ./drivers/fsl_clock.o
 .text.CLOCK_GetMcgExtClkFreq
                0x00002a70       0x28 ./drivers/fsl_clock.o
 .text.CLOCK_GetFllExtRefClkFreq
                0x00002a98       0xa4 ./drivers/fsl_clock.o
 .text.CLOCK_GetFllRefClkFreq
                0x00002b3c       0x2c ./drivers/fsl_clock.o
 .text.CLOCK_GetOscRangeFromFreq
                0x00002b68       0x4c ./drivers/fsl_clock.o
 .text.CLOCK_GetPllFllSelClkFreq
                0x00002bb4       0x4c ./drivers/fsl_clock.o
                0x00002bb4                CLOCK_GetPllFllSelClkFreq
 .text.CLOCK_SetSimConfig
                0x00002c00       0x38 ./drivers/fsl_clock.o
                0x00002c00                CLOCK_SetSimConfig
 .text.CLOCK_GetFllFreq
                0x00002c38       0x84 ./drivers/fsl_clock.o
                0x00002c38                CLOCK_GetFllFreq
 .text.CLOCK_GetPll0Freq
                0x00002cbc       0x70 ./drivers/fsl_clock.o
                0x00002cbc                CLOCK_GetPll0Freq
 .text.CLOCK_SetInternalRefClkConfig
                0x00002d2c      0x124 ./drivers/fsl_clock.o
                0x00002d2c                CLOCK_SetInternalRefClkConfig
 .text.CLOCK_EnablePll0
                0x00002e50       0x90 ./drivers/fsl_clock.o
                0x00002e50                CLOCK_EnablePll0
 .text.CLOCK_InitOsc0
                0x00002ee0       0x94 ./drivers/fsl_clock.o
                0x00002ee0                CLOCK_InitOsc0
 .text.CLOCK_SetPbeMode
                0x00002f74       0xb0 ./drivers/fsl_clock.o
                0x00002f74                CLOCK_SetPbeMode
 .text.CLOCK_BootToPeeMode
                0x00003024       0x70 ./drivers/fsl_clock.o
                0x00003024                CLOCK_BootToPeeMode
 .text.CLOCK_EnableClock
                0x00003094       0x34 ./drivers/fsl_lpsci.o
 .text.LPSCI_GetInstance
                0x000030c8       0x48 ./drivers/fsl_lpsci.o
                0x000030c8                LPSCI_GetInstance
 .text.LPSCI_Init
                0x00003110      0x258 ./drivers/fsl_lpsci.o
                0x00003110                LPSCI_Init
 .text.LPSCI_GetDefaultConfig
                0x00003368       0x44 ./drivers/fsl_lpsci.o
                0x00003368                LPSCI_GetDefaultConfig
 .text.LPSCI_ClearStatusFlags
                0x000033ac       0x94 ./drivers/fsl_lpsci.o
                0x000033ac                LPSCI_ClearStatusFlags
 .text.LPSCI_WriteBlocking
                0x00003440       0x4c ./drivers/fsl_lpsci.o
                0x00003440                LPSCI_WriteBlocking
 .text.LPSCI_ReadBlocking
                0x0000348c       0xc0 ./drivers/fsl_lpsci.o
                0x0000348c                LPSCI_ReadBlocking
 .text.UART0_DriverIRQHandler
                0x0000354c       0x24 ./drivers/fsl_lpsci.o
                0x0000354c                UART0_DriverIRQHandler
 .text.CLOCK_EnableClock
                0x00003570       0x34 ./drivers/fsl_uart.o
 .text.UART_GetInstance
                0x000035a4       0x54 ./drivers/fsl_uart.o
                0x000035a4                UART_GetInstance
 .text.UART_Init
                0x000035f8      0x1e0 ./drivers/fsl_uart.o
                0x000035f8                UART_Init
 .text.UART_GetDefaultConfig
                0x000037d8       0x44 ./drivers/fsl_uart.o
                0x000037d8                UART_GetDefaultConfig
 .text.UART_ReadBlocking
                0x0000381c       0x98 ./drivers/fsl_uart.o
                0x0000381c                UART_ReadBlocking
 .text.UART1_DriverIRQHandler
                0x000038b4       0x24 ./drivers/fsl_uart.o
                0x000038b4                UART1_DriverIRQHandler
 .text.UART2_DriverIRQHandler
                0x000038d8       0x24 ./drivers/fsl_uart.o
                0x000038d8                UART2_DriverIRQHandler
 .text.CLOCK_SetLpsci0Clock
                0x000038fc       0x38 ./board/board.o
 .text.BOARD_InitDebugConsole
                0x00003934       0x30 ./board/board.o
                0x00003934                BOARD_InitDebugConsole
 .text.CLOCK_SetSimSafeDivs
                0x00003964       0x20 ./board/clock_config.o
 .text.CLOCK_SetXtal0Freq
                0x00003984       0x1c ./board/clock_config.o
 .text.CLOCK_CONFIG_SetFllExtRefDiv
                0x000039a0       0x3c ./board/clock_config.o
 .text.BOARD_BootClockRUN
                0x000039dc       0x64 ./board/clock_config.o
                0x000039dc                BOARD_BootClockRUN
 .text.CLOCK_EnableClock
                0x00003a40       0x34 ./board/pin_mux.o
 .text.PORT_SetPinConfig
                0x00003a74       0x38 ./board/pin_mux.o
 .text.PORT_SetPinMux
                0x00003aac       0x40 ./board/pin_mux.o
 .text.BOARD_InitPins
                0x00003aec      0x100 ./board/pin_mux.o
                0x00003aec                BOARD_InitPins
 .text.SystemInit
                0x00003bec       0x18 ./CMSIS/system_MKL25Z4.o
                0x00003bec                SystemInit
 .text.__assertion_failed
                0x00003c04       0x4c c:/nxp/mcuxpressoide_11.0.1_2563/ide/plugins/com.nxp.mcuxpresso.tools.win32_11.0.1.201907311258/tools/bin/../lib/gcc/arm-none-eabi/8.2.1/../../../../arm-none-eabi/lib/thumb/v6-m/nofp\libcr_semihost_nf.a(_cr_assert.o)
                0x00003c04                __assertion_failed
 .text.__sys_appexit
                0x00003c50        0xc c:/nxp/mcuxpressoide_11.0.1_2563/ide/plugins/com.nxp.mcuxpresso.tools.win32_11.0.1.201907311258/tools/bin/../lib/gcc/arm-none-eabi/8.2.1/../../../../arm-none-eabi/lib/thumb/v6-m/nofp\libcr_semihost_nf.a(__sys_appexit.o)
                0x00003c50                __sys_appexit
                0x00003c50                __exit
 .text._deferredlazyseek
                0x00003c5c       0x40 c:/nxp/mcuxpressoide_11.0.1_2563/ide/plugins/com.nxp.mcuxpresso.tools.win32_11.0.1.201907311258/tools/bin/../lib/gcc/arm-none-eabi/8.2.1/../../../../arm-none-eabi/lib/thumb/v6-m/nofp\libcr_c.a(_deferredlazyseek.o)
                0x00003c5c                _deferredlazyseek
 .text.__flsbuf
                0x00003c9c      0x14c c:/nxp/mcuxpressoide_11.0.1_2563/ide/plugins/com.nxp.mcuxpresso.tools.win32_11.0.1.201907311258/tools/bin/../lib/gcc/arm-none-eabi/8.2.1/../../../../arm-none-eabi/lib/thumb/v6-m/nofp\libcr_c.a(_deferredlazyseek.o)
                0x00003c9c                __flsbuf
 .text._fflush  0x00003de8       0x5c c:/nxp/mcuxpressoide_11.0.1_2563/ide/plugins/com.nxp.mcuxpresso.tools.win32_11.0.1.201907311258/tools/bin/../lib/gcc/arm-none-eabi/8.2.1/../../../../arm-none-eabi/lib/thumb/v6-m/nofp\libcr_c.a(_fflush.o)
                0x00003de8                _fflush
 .text._Cwritebuf
                0x00003e44       0x68 c:/nxp/mcuxpressoide_11.0.1_2563/ide/plugins/com.nxp.mcuxpresso.tools.win32_11.0.1.201907311258/tools/bin/../lib/gcc/arm-none-eabi/8.2.1/../../../../arm-none-eabi/lib/thumb/v6-m/nofp\libcr_c.a(_writebuf.o)
                0x00003e44                _Cwritebuf
 .text.malloc   0x00003eac       0xcc c:/nxp/mcuxpressoide_11.0.1_2563/ide/plugins/com.nxp.mcuxpresso.tools.win32_11.0.1.201907311258/tools/bin/../lib/gcc/arm-none-eabi/8.2.1/../../../../arm-none-eabi/lib/thumb/v6-m/nofp\libcr_c.a(alloc.o)
                0x00003eac                malloc
 .text._Csys_alloc
                0x00003f78       0x20 c:/nxp/mcuxpressoide_11.0.1_2563/ide/plugins/com.nxp.mcuxpresso.tools.win32_11.0.1.201907311258/tools/bin/../lib/gcc/arm-none-eabi/8.2.1/../../../../arm-none-eabi/lib/thumb/v6-m/nofp\libcr_c.a(alloc.o)
                0x00003f78                _Csys_alloc
 .text.fseek    0x00003f98       0xf0 c:/nxp/mcuxpressoide_11.0.1_2563/ide/plugins/com.nxp.mcuxpresso.tools.win32_11.0.1.201907311258/tools/bin/../lib/gcc/arm-none-eabi/8.2.1/../../../../arm-none-eabi/lib/thumb/v6-m/nofp\libcr_c.a(fseek.o)
                0x00003f98                fseek
 .text.ftell    0x00004088       0x48 c:/nxp/mcuxpressoide_11.0.1_2563/ide/plugins/com.nxp.mcuxpresso.tools.win32_11.0.1.201907311258/tools/bin/../lib/gcc/arm-none-eabi/8.2.1/../../../../arm-none-eabi/lib/thumb/v6-m/nofp\libcr_c.a(ftell.o)
                0x00004088                ftell
 .text._initio  0x000040d0       0x7c c:/nxp/mcuxpressoide_11.0.1_2563/ide/plugins/com.nxp.mcuxpresso.tools.win32_11.0.1.201907311258/tools/bin/../lib/gcc/arm-none-eabi/8.2.1/../../../../arm-none-eabi/lib/thumb/v6-m/nofp\libcr_c.a(initio.o)
                0x000040d0                _initio
 .text._terminateio
                0x0000414c       0x50 c:/nxp/mcuxpressoide_11.0.1_2563/ide/plugins/com.nxp.mcuxpresso.tools.win32_11.0.1.201907311258/tools/bin/../lib/gcc/arm-none-eabi/8.2.1/../../../../arm-none-eabi/lib/thumb/v6-m/nofp\libcr_c.a(initio.o)
                0x0000414c                _terminateio
 .text.__vfprintf
                0x0000419c      0xcd8 c:/nxp/mcuxpressoide_11.0.1_2563/ide/plugins/com.nxp.mcuxpresso.tools.win32_11.0.1.201907311258/tools/bin/../lib/gcc/arm-none-eabi/8.2.1/../../../../arm-none-eabi/lib/thumb/v6-m/nofp\libcr_c.a(printf.o)
                0x0000419c                __vfprintf
 .text._snprintf
                0x00004e74       0x7c c:/nxp/mcuxpressoide_11.0.1_2563/ide/plugins/com.nxp.mcuxpresso.tools.win32_11.0.1.201907311258/tools/bin/../lib/gcc/arm-none-eabi/8.2.1/../../../../arm-none-eabi/lib/thumb/v6-m/nofp\libcr_c.a(printf.o)
                0x00004e74                _snprintf
 .text._vsnprintf
                0x00004ef0       0x70 c:/nxp/mcuxpressoide_11.0.1_2563/ide/plugins/com.nxp.mcuxpresso.tools.win32_11.0.1.201907311258/tools/bin/../lib/gcc/arm-none-eabi/8.2.1/../../../../arm-none-eabi/lib/thumb/v6-m/nofp\libcr_c.a(printf.o)
                0x00004ef0                _vsnprintf
 .text._printf  0x00004f60       0x50 c:/nxp/mcuxpressoide_11.0.1_2563/ide/plugins/com.nxp.mcuxpresso.tools.win32_11.0.1.201907311258/tools/bin/../lib/gcc/arm-none-eabi/8.2.1/../../../../arm-none-eabi/lib/thumb/v6-m/nofp\libcr_c.a(printf.o)
                0x00004f60                _printf
 .text.setvbuf  0x00004fb0       0x4c c:/nxp/mcuxpressoide_11.0.1_2563/ide/plugins/com.nxp.mcuxpresso.tools.win32_11.0.1.201907311258/tools/bin/../lib/gcc/arm-none-eabi/8.2.1/../../../../arm-none-eabi/lib/thumb/v6-m/nofp\libcr_c.a(setvbuf.o)
                0x00004fb0                setvbuf
 .text.exit     0x00004ffc       0x2c c:/nxp/mcuxpressoide_11.0.1_2563/ide/plugins/com.nxp.mcuxpresso.tools.win32_11.0.1.201907311258/tools/bin/../lib/gcc/arm-none-eabi/8.2.1/../../../../arm-none-eabi/lib/thumb/v6-m/nofp\libcr_c.a(stdlib.o)
                0x00004ffc                exit
 .text.strcpy   0x00005028       0x44 c:/nxp/mcuxpressoide_11.0.1_2563/ide/plugins/com.nxp.mcuxpresso.tools.win32_11.0.1.201907311258/tools/bin/../lib/gcc/arm-none-eabi/8.2.1/../../../../arm-none-eabi/lib/thumb/v6-m/nofp\libcr_c.a(strcpy.o)
                0x00005028                strcpy
 .text.strlen   0x0000506c       0x58 c:/nxp/mcuxpressoide_11.0.1_2563/ide/plugins/com.nxp.mcuxpresso.tools.win32_11.0.1.201907311258/tools/bin/../lib/gcc/arm-none-eabi/8.2.1/../../../../arm-none-eabi/lib/thumb/v6-m/nofp\libcr_c.a(strlen.o)
                0x0000506c                strlen
 .text._sbrk    0x000050c4       0x40 c:/nxp/mcuxpressoide_11.0.1_2563/ide/plugins/com.nxp.mcuxpresso.tools.win32_11.0.1.201907311258/tools/bin/../lib/gcc/arm-none-eabi/8.2.1/../../../../arm-none-eabi/lib/thumb/v6-m/nofp\libcr_c.a(_cr_sbrk.o)
                0x000050c4                _sbrk
 .text._fdopen  0x00005104       0x74 c:/nxp/mcuxpressoide_11.0.1_2563/ide/plugins/com.nxp.mcuxpresso.tools.win32_11.0.1.201907311258/tools/bin/../lib/gcc/arm-none-eabi/8.2.1/../../../../arm-none-eabi/lib/thumb/v6-m/nofp\libcr_c.a(_fdopen.o)
                0x00005104                _fdopen
 .text.fclose   0x00005178       0x5c c:/nxp/mcuxpressoide_11.0.1_2563/ide/plugins/com.nxp.mcuxpresso.tools.win32_11.0.1.201907311258/tools/bin/../lib/gcc/arm-none-eabi/8.2.1/../../../../arm-none-eabi/lib/thumb/v6-m/nofp\libcr_c.a(fclose.o)
                0x00005178                fclose
 .text.fflush   0x000051d4       0x44 c:/nxp/mcuxpressoide_11.0.1_2563/ide/plugins/com.nxp.mcuxpresso.tools.win32_11.0.1.201907311258/tools/bin/../lib/gcc/arm-none-eabi/8.2.1/../../../../arm-none-eabi/lib/thumb/v6-m/nofp\libcr_c.a(fflush.o)
                0x000051d4                fflush
 .text.__check_heap_overflow
                0x00005218       0x14 c:/nxp/mcuxpressoide_11.0.1_2563/ide/plugins/com.nxp.mcuxpresso.tools.win32_11.0.1.201907311258/tools/bin/../lib/gcc/arm-none-eabi/8.2.1/../../../../arm-none-eabi/lib/thumb/v6-m/nofp\libcr_c.a(_cr_check_heap.o)
                0x00005218                __check_heap_overflow
 .text._do_fflush
                0x0000522c       0x44 c:/nxp/mcuxpressoide_11.0.1_2563/ide/plugins/com.nxp.mcuxpresso.tools.win32_11.0.1.201907311258/tools/bin/../lib/gcc/arm-none-eabi/8.2.1/../../../../arm-none-eabi/lib/thumb/v6-m/nofp\libcr_c.a(_do_fflush.o)
                0x0000522c                _do_fflush
 .text.__aeabi_ddiv
                0x00005270      0x148 c:/nxp/mcuxpressoide_11.0.1_2563/ide/plugins/com.nxp.mcuxpresso.tools.win32_11.0.1.201907311258/tools/bin/../lib/gcc/arm-none-eabi/8.2.1/thumb/v6-m/nofp\libcr_eabihelpers.a(double.o)
                0x00005270                __aeabi_ddiv
 .text.__aeabi_d2uiz
                0x000053b8       0x34 c:/nxp/mcuxpressoide_11.0.1_2563/ide/plugins/com.nxp.mcuxpresso.tools.win32_11.0.1.201907311258/tools/bin/../lib/gcc/arm-none-eabi/8.2.1/thumb/v6-m/nofp\libcr_eabihelpers.a(double.o)
                0x000053b8                __aeabi_d2uiz
 .text.UART_EnableTx
                0x000053ec       0x40 ./utilities/fsl_debug_console.o
 .text.UART_EnableRx
                0x0000542c       0x40 ./utilities/fsl_debug_console.o
 .text.LPSCI_EnableTx
                0x0000546c       0x40 ./utilities/fsl_debug_console.o
 .text.LPSCI_EnableRx
                0x000054ac       0x40 ./utilities/fsl_debug_console.o
 .text.System_WriteString
                0x000054ec       0x18 ./source/System.o
                0x000054ec                System_WriteString
 .text.checkIfBufferIsInitialized
                0x00005504       0x22 ./source/circular_buffer.o
                0x00005504                checkIfBufferIsInitialized
 .text.checkIfBufferPointerIsValid
                0x00005526       0x22 ./source/circular_buffer.o
                0x00005526                checkIfBufferPointerIsValid
 .text.GPIO_SetPinsOutput
                0x00005548       0x18 ./source/led_control.o
 .text.GPIO_ClearPinsOutput
                0x00005560       0x18 ./source/led_control.o
 .text.GPIO_WritePinOutput
                0x00005578       0x34 ./source/main.o
 .text.UART0_IRQHandler
                0x000055ac       0x16 ./source/uart0_control.o
                0x000055ac                UART0_IRQHandler
 .text.OSC_SetExtRefClkConfig
                0x000055c2       0x3e ./drivers/fsl_clock.o
 .text.OSC_SetCapLoad
                0x00005600       0x42 ./drivers/fsl_clock.o
 .text.CLOCK_GetPll0RefFreq
                0x00005642       0x10 ./drivers/fsl_clock.o
 .text.CLOCK_SetExternalRefClkConfig
                0x00005652       0x16 ./drivers/fsl_clock.o
                0x00005652                CLOCK_SetExternalRefClkConfig
 .text.LPSCI_GetStatusFlags
                0x00005668       0x26 ./drivers/fsl_lpsci.o
                0x00005668                LPSCI_GetStatusFlags
 .text.UART_GetStatusFlags
                0x0000568e       0x26 ./drivers/fsl_uart.o
                0x0000568e                UART_GetStatusFlags
 .text.UART_WriteBlocking
                0x000056b4       0x3a ./drivers/fsl_uart.o
                0x000056b4                UART_WriteBlocking
 .text.BOARD_InitBootClocks
                0x000056ee        0xe ./board/clock_config.o
                0x000056ee                BOARD_InitBootClocks
 .text.BOARD_InitBootPeripherals
                0x000056fc        0xa ./board/peripherals.o
                0x000056fc                BOARD_InitBootPeripherals
 .text.BOARD_InitBootPins
                0x00005706        0xe ./board/pin_mux.o
                0x00005706                BOARD_InitBootPins
 .text.__main   0x00005714        0xc c:/nxp/mcuxpressoide_11.0.1_2563/ide/plugins/com.nxp.mcuxpresso.tools.win32_11.0.1.201907311258/tools/bin/../lib/gcc/arm-none-eabi/8.2.1/../../../../arm-none-eabi/lib/thumb/v6-m/nofp\libcr_semihost_nf.a(_cr__main.o)
                0x00005714                __CR_SEMIHOST
                0x00005714                __main
 .text.memset   0x00005720        0x8 c:/nxp/mcuxpressoide_11.0.1_2563/ide/plugins/com.nxp.mcuxpresso.tools.win32_11.0.1.201907311258/tools/bin/../lib/gcc/arm-none-eabi/8.2.1/../../../../arm-none-eabi/lib/thumb/v6-m/nofp\libcr_c.a(memset.o)
                0x00005720                memset
 .text.free     0x00005728       0x2c c:/nxp/mcuxpressoide_11.0.1_2563/ide/plugins/com.nxp.mcuxpresso.tools.win32_11.0.1.201907311258/tools/bin/../lib/gcc/arm-none-eabi/8.2.1/../../../../arm-none-eabi/lib/thumb/v6-m/nofp\libcr_c.a(alloc.o)
                0x00005728                free
 .text.fputs    0x00005754       0x2e c:/nxp/mcuxpressoide_11.0.1_2563/ide/plugins/com.nxp.mcuxpresso.tools.win32_11.0.1.201907311258/tools/bin/../lib/gcc/arm-none-eabi/8.2.1/../../../../arm-none-eabi/lib/thumb/v6-m/nofp\libcr_c.a(fputs.o)
                0x00005754                fputs
 .text.no_fp_display
                0x00005782        0x4 c:/nxp/mcuxpressoide_11.0.1_2563/ide/plugins/com.nxp.mcuxpresso.tools.win32_11.0.1.201907311258/tools/bin/../lib/gcc/arm-none-eabi/8.2.1/../../../../arm-none-eabi/lib/thumb/v6-m/nofp\libcr_c.a(printf.o)
 .text.remove   0x00005786       0x12 c:/nxp/mcuxpressoide_11.0.1_2563/ide/plugins/com.nxp.mcuxpresso.tools.win32_11.0.1.201907311258/tools/bin/../lib/gcc/arm-none-eabi/8.2.1/../../../../arm-none-eabi/lib/thumb/v6-m/nofp\libcr_c.a(remove.o)
                0x00005786                remove
 .text.__aeabi_division_idivmod
                0x00005798       0x78 c:/nxp/mcuxpressoide_11.0.1_2563/ide/plugins/com.nxp.mcuxpresso.tools.win32_11.0.1.201907311258/tools/bin/../lib/gcc/arm-none-eabi/8.2.1/thumb/v6-m/nofp\libcr_eabihelpers.a(division_32.o)
                0x00005798                __aeabi_idivmod
                0x00005798                __aeabi_idiv
                0x0000579e                __aeabi_uidivmod
                0x0000579e                __aeabi_uidiv
 .text.__aeabi_division_idiv0
                0x00005810        0x2 c:/nxp/mcuxpressoide_11.0.1_2563/ide/plugins/com.nxp.mcuxpresso.tools.win32_11.0.1.201907311258/tools/bin/../lib/gcc/arm-none-eabi/8.2.1/thumb/v6-m/nofp\libcr_eabihelpers.a(division_idiv0.o)
                0x00005810                __aeabi_idiv0
 .text.__bhs_ui2d
                0x00005812       0x5e c:/nxp/mcuxpressoide_11.0.1_2563/ide/plugins/com.nxp.mcuxpresso.tools.win32_11.0.1.201907311258/tools/bin/../lib/gcc/arm-none-eabi/8.2.1/thumb/v6-m/nofp\libcr_eabihelpers.a(double.o)
                0x00005812                __bhs_ui2d
 .text.__aeabi_ui2d
                0x00005870        0xc c:/nxp/mcuxpressoide_11.0.1_2563/ide/plugins/com.nxp.mcuxpresso.tools.win32_11.0.1.201907311258/tools/bin/../lib/gcc/arm-none-eabi/8.2.1/thumb/v6-m/nofp\libcr_eabihelpers.a(double.o)
                0x00005870                __aeabi_ui2d
 .text.__aeabi_llong_lmul
                0x0000587c       0x2e c:/nxp/mcuxpressoide_11.0.1_2563/ide/plugins/com.nxp.mcuxpresso.tools.win32_11.0.1.201907311258/tools/bin/../lib/gcc/arm-none-eabi/8.2.1/thumb/v6-m/nofp\libcr_eabihelpers.a(llong.o)
                0x0000587c                __aeabi_lmul
 .text.__aeabi_memset_lowlevel
                0x000058aa       0x2a c:/nxp/mcuxpressoide_11.0.1_2563/ide/plugins/com.nxp.mcuxpresso.tools.win32_11.0.1.201907311258/tools/bin/../lib/gcc/arm-none-eabi/8.2.1/thumb/v6-m/nofp\libcr_eabihelpers.a(memcpy.o)
                0x000058aa                __aeabi_lowlevel_memset
 .text.__sys_close
                0x000058d4        0xc c:/nxp/mcuxpressoide_11.0.1_2563/ide/plugins/com.nxp.mcuxpresso.tools.win32_11.0.1.201907311258/tools/bin/../lib/gcc/arm-none-eabi/8.2.1/../../../../arm-none-eabi/lib/thumb/v6-m/nofp\libcr_semihost_nf.a(__sys_close.o)
                0x000058d4                __sys_close
 .text.__sys_flen
                0x000058e0        0xc c:/nxp/mcuxpressoide_11.0.1_2563/ide/plugins/com.nxp.mcuxpresso.tools.win32_11.0.1.201907311258/tools/bin/../lib/gcc/arm-none-eabi/8.2.1/../../../../arm-none-eabi/lib/thumb/v6-m/nofp\libcr_semihost_nf.a(__sys_flen.o)
                0x000058e0                __sys_flen
 .text.__sys_istty
                0x000058ec        0xc c:/nxp/mcuxpressoide_11.0.1_2563/ide/plugins/com.nxp.mcuxpresso.tools.win32_11.0.1.201907311258/tools/bin/../lib/gcc/arm-none-eabi/8.2.1/../../../../arm-none-eabi/lib/thumb/v6-m/nofp\libcr_semihost_nf.a(__sys_istty.o)
                0x000058ec                __sys_istty
 .text.__sys_remove
                0x000058f8        0xc c:/nxp/mcuxpressoide_11.0.1_2563/ide/plugins/com.nxp.mcuxpresso.tools.win32_11.0.1.201907311258/tools/bin/../lib/gcc/arm-none-eabi/8.2.1/../../../../arm-none-eabi/lib/thumb/v6-m/nofp\libcr_semihost_nf.a(__sys_remove.o)
                0x000058f8                __sys_remove
 .text.__sys_seek
                0x00005904        0xc c:/nxp/mcuxpressoide_11.0.1_2563/ide/plugins/com.nxp.mcuxpresso.tools.win32_11.0.1.201907311258/tools/bin/../lib/gcc/arm-none-eabi/8.2.1/../../../../arm-none-eabi/lib/thumb/v6-m/nofp\libcr_semihost_nf.a(__sys_seek.o)
                0x00005904                __sys_seek
 .text.__sys_tmpnam
                0x00005910        0xc c:/nxp/mcuxpressoide_11.0.1_2563/ide/plugins/com.nxp.mcuxpresso.tools.win32_11.0.1.201907311258/tools/bin/../lib/gcc/arm-none-eabi/8.2.1/../../../../arm-none-eabi/lib/thumb/v6-m/nofp\libcr_semihost_nf.a(__sys_tmpnam.o)
                0x00005910                __sys_tmpnam
 *(SORT_BY_ALIGNMENT(.rodata) SORT_BY_ALIGNMENT(.rodata.*) SORT_BY_ALIGNMENT(.constdata) SORT_BY_ALIGNMENT(.constdata.*))
 .rodata        0x0000591c       0x57 ./source/System.o
 *fill*         0x00005973        0x1 ff
 .rodata        0x00005974        0x7 ./source/application.o
 *fill*         0x0000597b        0x1 ff
 .rodata        0x0000597c       0xc5 ./source/functions_enum_list.o
 *fill*         0x00005a41        0x3 ff
 .rodata.getFunctionName
                0x00005a44       0x2c ./source/functions_enum_list.o
 .rodata        0x00005a70       0x3b ./source/logger.o
 *fill*         0x00005aab        0x1 ff
 .rodata        0x00005aac      0x340 ./source/project_5_tests.o
 .rodata        0x00005dec      0x11d ./drivers/fsl_clock.o
 *fill*         0x00005f09        0x3 ff
 .rodata.fllFactorTable.5230
                0x00005f0c       0x10 ./drivers/fsl_clock.o
 .rodata        0x00005f1c      0x48c ./drivers/fsl_lpsci.o
 .rodata.s_uartBases
                0x000063a8        0xc ./drivers/fsl_uart.o
 .rodata.s_uartClock
                0x000063b4        0xc ./drivers/fsl_uart.o
 .rodata        0x000063c0      0x45b ./drivers/fsl_uart.o
 *fill*         0x0000681b        0x1 ff
 .rodata.mcgConfig_BOARD_BootClockRUN
                0x0000681c        0xa ./board/clock_config.o
                0x0000681c                mcgConfig_BOARD_BootClockRUN
 *fill*         0x00006826        0x2 ff
 .rodata.simConfig_BOARD_BootClockRUN
                0x00006828        0x8 ./board/clock_config.o
                0x00006828                simConfig_BOARD_BootClockRUN
 .rodata.oscConfig_BOARD_BootClockRUN
                0x00006830        0x8 ./board/clock_config.o
                0x00006830                oscConfig_BOARD_BootClockRUN
 .rodata        0x00006838       0x23 ./board/pin_mux.o
 *fill*         0x0000685b        0x1 ff
 .rodata.__num_Ciob_streams
                0x0000685c        0x4 c:/nxp/mcuxpressoide_11.0.1_2563/ide/plugins/com.nxp.mcuxpresso.tools.win32_11.0.1.201907311258/tools/bin/../lib/gcc/arm-none-eabi/8.2.1/../../../../arm-none-eabi/lib/thumb/v6-m/nofp\libcr_semihost_nf.a(__ciob.o)
                0x0000685c                __num_Ciob_streams
 .rodata.__assertion_failed.str1.1
                0x00006860       0x15 c:/nxp/mcuxpressoide_11.0.1_2563/ide/plugins/com.nxp.mcuxpresso.tools.win32_11.0.1.201907311258/tools/bin/../lib/gcc/arm-none-eabi/8.2.1/../../../../arm-none-eabi/lib/thumb/v6-m/nofp\libcr_semihost_nf.a(_cr_assert.o)
 .rodata._Csys_alloc.str1.1
                0x00006875       0x18 c:/nxp/mcuxpressoide_11.0.1_2563/ide/plugins/com.nxp.mcuxpresso.tools.win32_11.0.1.201907311258/tools/bin/../lib/gcc/arm-none-eabi/8.2.1/../../../../arm-none-eabi/lib/thumb/v6-m/nofp\libcr_c.a(alloc.o)
 .rodata._initio.str1.1
                0x0000688d        0x4 c:/nxp/mcuxpressoide_11.0.1_2563/ide/plugins/com.nxp.mcuxpresso.tools.win32_11.0.1.201907311258/tools/bin/../lib/gcc/arm-none-eabi/8.2.1/../../../../arm-none-eabi/lib/thumb/v6-m/nofp\libcr_c.a(initio.o)
 .rodata.__vfprintf.str1.1
                0x00006891       0x35 c:/nxp/mcuxpressoide_11.0.1_2563/ide/plugins/com.nxp.mcuxpresso.tools.win32_11.0.1.201907311258/tools/bin/../lib/gcc/arm-none-eabi/8.2.1/../../../../arm-none-eabi/lib/thumb/v6-m/nofp\libcr_c.a(printf.o)
                                 0x38 (size before relaxing)
                0x000068c8                . = ALIGN (0x4)
 *fill*         0x000068c6        0x2 ff

.glue_7         0x000068c8        0x0
 .glue_7        0x000068c8        0x0 linker stubs

.glue_7t        0x000068c8        0x0
 .glue_7t       0x000068c8        0x0 linker stubs

.vfp11_veneer   0x000068c8        0x0
 .vfp11_veneer  0x000068c8        0x0 linker stubs

.v4_bx          0x000068c8        0x0
 .v4_bx         0x000068c8        0x0 linker stubs

.iplt           0x000068c8        0x0
 .iplt          0x000068c8        0x0 ./utilities/fsl_debug_console.o

.rel.dyn        0x000068c8        0x0
 .rel.iplt      0x000068c8        0x0 ./utilities/fsl_debug_console.o

.ARM.extab
 *(SORT_BY_ALIGNMENT(.ARM.extab*) SORT_BY_ALIGNMENT(.gnu.linkonce.armextab.*))
                0x000068c8                __exidx_start = .

.ARM.exidx
 *(SORT_BY_ALIGNMENT(.ARM.exidx*) SORT_BY_ALIGNMENT(.gnu.linkonce.armexidx.*))
                0x000068c8                __exidx_end = .
                0x000068c8                _etext = .

.m_usb_data
 *(SORT_BY_ALIGNMENT(m_usb_bdt))

.mtb_buffer_default
 *(SORT_BY_ALIGNMENT(.mtb*))

.uninit_RESERVED
                0x1ffff000        0x0
                0x1ffff000                . = ALIGN (0x4)
 *(SORT_BY_ALIGNMENT(.bss.$RESERVED*))
                0x1ffff000                . = ALIGN (0x4)
                0x1ffff000                _end_uninit_RESERVED = .

.data           0x1ffff000        0x8 load address 0x000068c8
 FILL mask 0xff
                0x1ffff000                _data = .
 *(SORT_BY_ALIGNMENT(vtable))
 *(SORT_BY_ALIGNMENT(.ramfunc*))
 *(SORT_BY_ALIGNMENT(CodeQuickAccess))
 *(SORT_BY_ALIGNMENT(DataQuickAccess))
 *(SORT_BY_ALIGNMENT(RamFunction))
 *(SORT_BY_ALIGNMENT(.data*))
 .data.s_slowIrcFreq
                0x1ffff000        0x4 ./drivers/fsl_clock.o
 .data.SystemCoreClock
                0x1ffff004        0x4 ./CMSIS/system_MKL25Z4.o
                0x1ffff004                SystemCoreClock
                0x1ffff008                . = ALIGN (0x4)
                0x1ffff008                _edata = .

.igot.plt       0x1ffff008        0x0 load address 0x000068d0
 .igot.plt      0x1ffff008        0x0 ./utilities/fsl_debug_console.o

.bss            0x1ffff008      0xa34 load address 0x000068d0
                0x1ffff008                . = ALIGN (0x4)
                0x1ffff008                _bss = .
 *(SORT_BY_ALIGNMENT(.bss*))
 .bss.s_debugConsole
                0x1ffff008       0x10 ./utilities/fsl_debug_console.o
 .bss.asciiTracker
                0x1ffff018       0x80 ./source/application.o
                0x1ffff018                asciiTracker
 .bss.ucunit_checks_failed
                0x1ffff098        0x4 ./source/project_5_tests.o
 .bss.ucunit_checks_passed
                0x1ffff09c        0x4 ./source/project_5_tests.o
 .bss.ucunit_testcases_failed
                0x1ffff0a0        0x4 ./source/project_5_tests.o
 .bss.ucunit_testcases_passed
                0x1ffff0a4        0x4 ./source/project_5_tests.o
 .bss.ucunit_testcases_failed_checks
                0x1ffff0a8        0x4 ./source/project_5_tests.o
 .bss.ucunit_checklist_failed_checks
                0x1ffff0ac        0x4 ./source/project_5_tests.o
 .bss.ucunit_action
                0x1ffff0b0        0x4 ./source/project_5_tests.o
 .bss.rxBuffer  0x1ffff0b4      0x410 ./source/uart0_control.o
                0x1ffff0b4                rxBuffer
 .bss.txBuffer  0x1ffff4c4      0x410 ./source/uart0_control.o
                0x1ffff4c4                txBuffer
 .bss.g_xtal0Freq
                0x1ffff8d4        0x4 ./drivers/fsl_clock.o
                0x1ffff8d4                g_xtal0Freq
 .bss.s_lpsciHandle
                0x1ffff8d8        0x4 ./drivers/fsl_lpsci.o
 .bss.s_lpsciIsr
                0x1ffff8dc        0x4 ./drivers/fsl_lpsci.o
 .bss.s_uartHandle
                0x1ffff8e0        0xc ./drivers/fsl_uart.o
 .bss.s_uartIsr
                0x1ffff8ec        0x4 ./drivers/fsl_uart.o
 .bss.__Ciob    0x1ffff8f0       0xb4 c:/nxp/mcuxpressoide_11.0.1_2563/ide/plugins/com.nxp.mcuxpresso.tools.win32_11.0.1.201907311258/tools/bin/../lib/gcc/arm-none-eabi/8.2.1/../../../../arm-none-eabi/lib/thumb/v6-m/nofp\libcr_semihost_nf.a(__ciob.o)
                0x1ffff8f0                __Ciob
 .bss._exitvector
                0x1ffff9a4       0x84 c:/nxp/mcuxpressoide_11.0.1_2563/ide/plugins/com.nxp.mcuxpresso.tools.win32_11.0.1.201907311258/tools/bin/../lib/gcc/arm-none-eabi/8.2.1/../../../../arm-none-eabi/lib/thumb/v6-m/nofp\libcr_c.a(stdlib.o)
                0x1ffff9a4                _exitvector
 .bss._number_of_exit_functions
                0x1ffffa28        0x4 c:/nxp/mcuxpressoide_11.0.1_2563/ide/plugins/com.nxp.mcuxpresso.tools.win32_11.0.1.201907311258/tools/bin/../lib/gcc/arm-none-eabi/8.2.1/../../../../arm-none-eabi/lib/thumb/v6-m/nofp\libcr_c.a(stdlib.o)
                0x1ffffa28                _number_of_exit_functions
 .bss.__end_of_heap
                0x1ffffa2c        0x4 c:/nxp/mcuxpressoide_11.0.1_2563/ide/plugins/com.nxp.mcuxpresso.tools.win32_11.0.1.201907311258/tools/bin/../lib/gcc/arm-none-eabi/8.2.1/../../../../arm-none-eabi/lib/thumb/v6-m/nofp\libcr_c.a(__init_alloc.o)
                0x1ffffa2c                __end_of_heap
 .bss.__heaps   0x1ffffa30        0x4 c:/nxp/mcuxpressoide_11.0.1_2563/ide/plugins/com.nxp.mcuxpresso.tools.win32_11.0.1.201907311258/tools/bin/../lib/gcc/arm-none-eabi/8.2.1/../../../../arm-none-eabi/lib/thumb/v6-m/nofp\libcr_c.a(__init_alloc.o)
                0x1ffffa30                __heaps
 .bss.errno     0x1ffffa34        0x4 c:/nxp/mcuxpressoide_11.0.1_2563/ide/plugins/com.nxp.mcuxpresso.tools.win32_11.0.1.201907311258/tools/bin/../lib/gcc/arm-none-eabi/8.2.1/../../../../arm-none-eabi/lib/thumb/v6-m/nofp\libcr_c.a(errno.o)
                0x1ffffa34                errno
 .bss.logEnabled
                0x1ffffa38        0x1 ./source/logger.o
 *(SORT_BY_ALIGNMENT(COMMON))
                0x1ffffa3c                . = ALIGN (0x4)
 *fill*         0x1ffffa39        0x3 
                0x1ffffa3c                _ebss = .
                [!provide]                PROVIDE (end = .)

.noinit         0x1ffffa3c        0x0 load address 0x000068d0
                0x1ffffa3c                . = ALIGN (0x4)
                0x1ffffa3c                _noinit = .
 *(SORT_BY_ALIGNMENT(.noinit*))
                0x1ffffa3c                . = ALIGN (0x4)
                0x1ffffa3c                _end_noinit = .
                0x00000400                _HeapSize = 0x400

.heap           0x1ffffa3c      0x400 load address 0x000068d0
                0x1ffffa3c                _pvHeapStart = .
                0x1ffffe3c                . = (. + _HeapSize)
 *fill*         0x1ffffa3c      0x400 
                0x1ffffe3c                . = ALIGN (0x4)
                0x1ffffe3c                _pvHeapLimit = .
                0x00000400                _StackSize = 0x400

.heap2stackfill
                0x1ffffe3c      0x400 load address 0x000068d0
                0x2000023c                . = (. + _StackSize)
 *fill*         0x1ffffe3c      0x400 

.stack          0x20002c00        0x0
                0x20002c00                _vStackBase = .
                0x20002c00                . = ALIGN (0x4)
                0x20003000                _vStackTop = (. + _StackSize)
                0x00000000                _image_start = LOADADDR (.text)
                0x000068d0                _image_end = (LOADADDR (.data) + SIZEOF (.data))
                0x000068d0                _image_size = (_image_end - _image_start)
OUTPUT(ECEN5813_Project_5.axf elf32-littlearm)

.debug_info     0x00000000     0xa08f
 .debug_info    0x00000000      0xa38 ./utilities/fsl_debug_console.o
 .debug_info    0x00000a38      0x4df ./startup/startup_mkl25z4.o
 .debug_info    0x00000f17      0x23c ./source/System.o
 .debug_info    0x00001153      0x578 ./source/application.o
 .debug_info    0x000016cb      0x302 ./source/circular_buffer.o
 .debug_info    0x000019cd      0x12e ./source/functions_enum_list.o
 .debug_info    0x00001afb      0x63e ./source/led_control.o
 .debug_info    0x00002139      0x5c3 ./source/logger.o
 .debug_info    0x000026fc      0x6d7 ./source/main.o
 .debug_info    0x00002dd3      0x478 ./source/project_5_tests.o
 .debug_info    0x0000324b      0xc9b ./source/uart0_control.o
 .debug_info    0x00003ee6     0x1a97 ./drivers/fsl_clock.o
 .debug_info    0x0000597d     0x1469 ./drivers/fsl_lpsci.o
 .debug_info    0x00006de6     0x140a ./drivers/fsl_uart.o
 .debug_info    0x000081f0      0x80b ./board/board.o
 .debug_info    0x000089fb      0xafe ./board/clock_config.o
 .debug_info    0x000094f9       0x3c ./board/peripherals.o
 .debug_info    0x00009535      0x721 ./board/pin_mux.o
 .debug_info    0x00009c56      0x439 ./CMSIS/system_MKL25Z4.o

.debug_abbrev   0x00000000     0x223b
 .debug_abbrev  0x00000000      0x22c ./utilities/fsl_debug_console.o
 .debug_abbrev  0x0000022c      0x18d ./startup/startup_mkl25z4.o
 .debug_abbrev  0x000003b9       0xf2 ./source/System.o
 .debug_abbrev  0x000004ab      0x180 ./source/application.o
 .debug_abbrev  0x0000062b      0x154 ./source/circular_buffer.o
 .debug_abbrev  0x0000077f       0xcb ./source/functions_enum_list.o
 .debug_abbrev  0x0000084a      0x1a5 ./source/led_control.o
 .debug_abbrev  0x000009ef      0x15a ./source/logger.o
 .debug_abbrev  0x00000b49      0x1af ./source/main.o
 .debug_abbrev  0x00000cf8      0x152 ./source/project_5_tests.o
 .debug_abbrev  0x00000e4a      0x2d6 ./source/uart0_control.o
 .debug_abbrev  0x00001120      0x36f ./drivers/fsl_clock.o
 .debug_abbrev  0x0000148f      0x309 ./drivers/fsl_lpsci.o
 .debug_abbrev  0x00001798      0x323 ./drivers/fsl_uart.o
 .debug_abbrev  0x00001abb      0x1a7 ./board/board.o
 .debug_abbrev  0x00001c62      0x211 ./board/clock_config.o
 .debug_abbrev  0x00001e73       0x31 ./board/peripherals.o
 .debug_abbrev  0x00001ea4      0x241 ./board/pin_mux.o
 .debug_abbrev  0x000020e5      0x156 ./CMSIS/system_MKL25Z4.o

.debug_aranges  0x00000000      0x970
 .debug_aranges
                0x00000000       0x58 ./utilities/fsl_debug_console.o
 .debug_aranges
                0x00000058      0x160 ./startup/startup_mkl25z4.o
 .debug_aranges
                0x000001b8       0x48 ./source/System.o
 .debug_aranges
                0x00000200       0x38 ./source/application.o
 .debug_aranges
                0x00000238       0x58 ./source/circular_buffer.o
 .debug_aranges
                0x00000290       0x20 ./source/functions_enum_list.o
 .debug_aranges
                0x000002b0       0x30 ./source/led_control.o
 .debug_aranges
                0x000002e0       0x50 ./source/logger.o
 .debug_aranges
                0x00000330       0x28 ./source/main.o
 .debug_aranges
                0x00000358       0x58 ./source/project_5_tests.o
 .debug_aranges
                0x000003b0       0x98 ./source/uart0_control.o
 .debug_aranges
                0x00000448      0x1d8 ./drivers/fsl_clock.o
 .debug_aranges
                0x00000620      0x118 ./drivers/fsl_lpsci.o
 .debug_aranges
                0x00000738      0x130 ./drivers/fsl_uart.o
 .debug_aranges
                0x00000868       0x28 ./board/board.o
 .debug_aranges
                0x00000890       0x58 ./board/clock_config.o
 .debug_aranges
                0x000008e8       0x20 ./board/peripherals.o
 .debug_aranges
                0x00000908       0x40 ./board/pin_mux.o
 .debug_aranges
                0x00000948       0x28 ./CMSIS/system_MKL25Z4.o

.debug_ranges   0x00000000      0x858
 .debug_ranges  0x00000000       0x48 ./utilities/fsl_debug_console.o
 .debug_ranges  0x00000048      0x150 ./startup/startup_mkl25z4.o
 .debug_ranges  0x00000198       0x38 ./source/System.o
 .debug_ranges  0x000001d0       0x28 ./source/application.o
 .debug_ranges  0x000001f8       0x48 ./source/circular_buffer.o
 .debug_ranges  0x00000240       0x10 ./source/functions_enum_list.o
 .debug_ranges  0x00000250       0x20 ./source/led_control.o
 .debug_ranges  0x00000270       0x40 ./source/logger.o
 .debug_ranges  0x000002b0       0x18 ./source/main.o
 .debug_ranges  0x000002c8       0x48 ./source/project_5_tests.o
 .debug_ranges  0x00000310       0xa0 ./source/uart0_control.o
 .debug_ranges  0x000003b0      0x1c8 ./drivers/fsl_clock.o
 .debug_ranges  0x00000578      0x108 ./drivers/fsl_lpsci.o
 .debug_ranges  0x00000680      0x120 ./drivers/fsl_uart.o
 .debug_ranges  0x000007a0       0x18 ./board/board.o
 .debug_ranges  0x000007b8       0x48 ./board/clock_config.o
 .debug_ranges  0x00000800       0x10 ./board/peripherals.o
 .debug_ranges  0x00000810       0x30 ./board/pin_mux.o
 .debug_ranges  0x00000840       0x18 ./CMSIS/system_MKL25Z4.o

.debug_macro    0x00000000     0x9530
 .debug_macro   0x00000000      0x13a ./utilities/fsl_debug_console.o
 .debug_macro   0x0000013a      0xac6 ./utilities/fsl_debug_console.o
 .debug_macro   0x00000c00       0x10 ./utilities/fsl_debug_console.o
 .debug_macro   0x00000c10       0x16 ./utilities/fsl_debug_console.o
 .debug_macro   0x00000c26       0x10 ./utilities/fsl_debug_console.o
 .debug_macro   0x00000c36      0x12e ./utilities/fsl_debug_console.o
 .debug_macro   0x00000d64       0x28 ./utilities/fsl_debug_console.o
 .debug_macro   0x00000d8c       0xc4 ./utilities/fsl_debug_console.o
 .debug_macro   0x00000e50       0x16 ./utilities/fsl_debug_console.o
 .debug_macro   0x00000e66       0x22 ./utilities/fsl_debug_console.o
 .debug_macro   0x00000e88      0x5b3 ./utilities/fsl_debug_console.o
 .debug_macro   0x0000143b       0x10 ./utilities/fsl_debug_console.o
 .debug_macro   0x0000144b       0x3f ./utilities/fsl_debug_console.o
 .debug_macro   0x0000148a       0x3a ./utilities/fsl_debug_console.o
 .debug_macro   0x000014c4       0x26 ./utilities/fsl_debug_console.o
 .debug_macro   0x000014ea      0x329 ./utilities/fsl_debug_console.o
 .debug_macro   0x00001813       0x30 ./utilities/fsl_debug_console.o
 .debug_macro   0x00001843     0x51e2 ./utilities/fsl_debug_console.o
 .debug_macro   0x00006a25     0x1352 ./utilities/fsl_debug_console.o
 .debug_macro   0x00007d77       0x3a ./utilities/fsl_debug_console.o
 .debug_macro   0x00007db1       0xf4 ./utilities/fsl_debug_console.o
 .debug_macro   0x00007ea5       0x35 ./utilities/fsl_debug_console.o
 .debug_macro   0x00007eda       0xd2 ./utilities/fsl_debug_console.o
 .debug_macro   0x00007fac       0x2e ./utilities/fsl_debug_console.o
 .debug_macro   0x00007fda       0x10 ./utilities/fsl_debug_console.o
 .debug_macro   0x00007fea       0x10 ./utilities/fsl_debug_console.o
 .debug_macro   0x00007ffa       0x29 ./startup/startup_mkl25z4.o
 .debug_macro   0x00008023       0x59 ./source/System.o
 .debug_macro   0x0000807c       0xd8 ./source/System.o
 .debug_macro   0x00008154       0x22 ./source/System.o
 .debug_macro   0x00008176      0x16a ./source/application.o
 .debug_macro   0x000082e0       0x10 ./source/application.o
 .debug_macro   0x000082f0       0x10 ./source/application.o
 .debug_macro   0x00008300       0x10 ./source/application.o
 .debug_macro   0x00008310       0x6d ./source/circular_buffer.o
 .debug_macro   0x0000837d       0x4d ./source/functions_enum_list.o
 .debug_macro   0x000083ca      0x176 ./source/led_control.o
 .debug_macro   0x00008540       0x16 ./source/led_control.o
 .debug_macro   0x00008556       0x1c ./source/led_control.o
 .debug_macro   0x00008572       0x1c ./source/led_control.o
 .debug_macro   0x0000858e       0x10 ./source/led_control.o
 .debug_macro   0x0000859e      0x112 ./source/led_control.o
 .debug_macro   0x000086b0      0x137 ./source/logger.o
 .debug_macro   0x000087e7      0x1df ./source/main.o
 .debug_macro   0x000089c6      0x117 ./source/main.o
 .debug_macro   0x00008add       0x34 ./source/main.o
 .debug_macro   0x00008b11       0x5e ./source/main.o
 .debug_macro   0x00008b6f       0x16 ./source/main.o
 .debug_macro   0x00008b85       0x10 ./source/main.o
 .debug_macro   0x00008b95       0xd6 ./source/project_5_tests.o
 .debug_macro   0x00008c6b      0x13a ./source/uart0_control.o
 .debug_macro   0x00008da5      0x196 ./drivers/fsl_clock.o
 .debug_macro   0x00008f3b       0x1c ./drivers/fsl_clock.o
 .debug_macro   0x00008f57       0xec ./drivers/fsl_lpsci.o
 .debug_macro   0x00009043       0xf2 ./drivers/fsl_uart.o
 .debug_macro   0x00009135      0x12b ./board/board.o
 .debug_macro   0x00009260      0x123 ./board/clock_config.o
 .debug_macro   0x00009383       0x1b ./board/peripherals.o
 .debug_macro   0x0000939e       0xee ./board/pin_mux.o
 .debug_macro   0x0000948c       0x10 ./board/pin_mux.o
 .debug_macro   0x0000949c       0x94 ./CMSIS/system_MKL25Z4.o

.debug_line     0x00000000     0x6284
 .debug_line    0x00000000      0x473 ./utilities/fsl_debug_console.o
 .debug_line    0x00000473      0x1e7 ./startup/startup_mkl25z4.o
 .debug_line    0x0000065a      0x20c ./source/System.o
 .debug_line    0x00000866      0x3b1 ./source/application.o
 .debug_line    0x00000c17      0x300 ./source/circular_buffer.o
 .debug_line    0x00000f17      0x1b9 ./source/functions_enum_list.o
 .debug_line    0x000010d0      0x384 ./source/led_control.o
 .debug_line    0x00001454      0x398 ./source/logger.o
 .debug_line    0x000017ec      0x3e9 ./source/main.o
 .debug_line    0x00001bd5      0x6db ./source/project_5_tests.o
 .debug_line    0x000022b0      0x595 ./source/uart0_control.o
 .debug_line    0x00002845     0x12b1 ./drivers/fsl_clock.o
 .debug_line    0x00003af6      0xd32 ./drivers/fsl_lpsci.o
 .debug_line    0x00004828      0xd21 ./drivers/fsl_uart.o
 .debug_line    0x00005549      0x2ee ./board/board.o
 .debug_line    0x00005837      0x373 ./board/clock_config.o
 .debug_line    0x00005baa       0x5c ./board/peripherals.o
 .debug_line    0x00005c06      0x33f ./board/pin_mux.o
 .debug_line    0x00005f45      0x33f ./CMSIS/system_MKL25Z4.o

.debug_str      0x00000000    0x37533
 .debug_str     0x00000000    0x31630 ./utilities/fsl_debug_console.o
                              0x31891 (size before relaxing)
 .debug_str     0x00031630      0x3e1 ./startup/startup_mkl25z4.o
                               0x3225 (size before relaxing)
 .debug_str     0x00031a11       0x7d ./source/System.o
                               0x3815 (size before relaxing)
 .debug_str     0x00031a8e      0x376 ./source/application.o
                              0x311bc (size before relaxing)
 .debug_str     0x00031e04       0xb6 ./source/circular_buffer.o
                               0x4719 (size before relaxing)
 .debug_str     0x00031eba       0x48 ./source/functions_enum_list.o
                               0x3512 (size before relaxing)
 .debug_str     0x00031f02      0xe08 ./source/led_control.o
                              0x3188d (size before relaxing)
 .debug_str     0x00032d0a       0xa9 ./source/logger.o
                              0x310cd (size before relaxing)
 .debug_str     0x00032db3     0x1435 ./source/main.o
                              0x32ce8 (size before relaxing)
 .debug_str     0x000341e8      0x10a ./source/project_5_tests.o
                              0x2a1c2 (size before relaxing)
 .debug_str     0x000342f2      0x4e8 ./source/uart0_control.o
                              0x31499 (size before relaxing)
 .debug_str     0x000347da     0x14d2 ./drivers/fsl_clock.o
                              0x3232c (size before relaxing)
 .debug_str     0x00035cac      0x964 ./drivers/fsl_lpsci.o
                              0x31934 (size before relaxing)
 .debug_str     0x00036610      0x832 ./drivers/fsl_uart.o
                              0x31957 (size before relaxing)
 .debug_str     0x00036e42       0x4c ./board/board.o
                              0x317a4 (size before relaxing)
 .debug_str     0x00036e8e      0x300 ./board/clock_config.o
                              0x3125a (size before relaxing)
 .debug_str     0x0003718e       0x31 ./board/peripherals.o
                               0x2e2f (size before relaxing)
 .debug_str     0x000371bf      0x325 ./board/pin_mux.o
                              0x30d03 (size before relaxing)
 .debug_str     0x000374e4       0x4f ./CMSIS/system_MKL25Z4.o
                              0x2fc96 (size before relaxing)

.comment        0x00000000       0x75
 .comment       0x00000000       0x75 ./utilities/fsl_debug_console.o
                                 0x76 (size before relaxing)
 .comment       0x00000075       0x76 ./startup/startup_mkl25z4.o
 .comment       0x00000075       0x76 ./source/System.o
 .comment       0x00000075       0x76 ./source/application.o
 .comment       0x00000075       0x76 ./source/circular_buffer.o
 .comment       0x00000075       0x76 ./source/functions_enum_list.o
 .comment       0x00000075       0x76 ./source/led_control.o
 .comment       0x00000075       0x76 ./source/logger.o
 .comment       0x00000075       0x76 ./source/main.o
 .comment       0x00000075       0x76 ./source/project_5_tests.o
 .comment       0x00000075       0x76 ./source/uart0_control.o
 .comment       0x00000075       0x76 ./drivers/fsl_clock.o
 .comment       0x00000075       0x76 ./drivers/fsl_lpsci.o
 .comment       0x00000075       0x76 ./drivers/fsl_uart.o
 .comment       0x00000075       0x76 ./board/board.o
 .comment       0x00000075       0x76 ./board/clock_config.o
 .comment       0x00000075       0x76 ./board/peripherals.o
 .comment       0x00000075       0x76 ./board/pin_mux.o
 .comment       0x00000075       0x76 ./CMSIS/system_MKL25Z4.o
 .comment       0x00000075       0x76 c:/nxp/mcuxpressoide_11.0.1_2563/ide/plugins/com.nxp.mcuxpresso.tools.win32_11.0.1.201907311258/tools/bin/../lib/gcc/arm-none-eabi/8.2.1/../../../../arm-none-eabi/lib/thumb/v6-m/nofp\libcr_semihost_nf.a(_cr__main.o)
 .comment       0x00000075       0x76 c:/nxp/mcuxpressoide_11.0.1_2563/ide/plugins/com.nxp.mcuxpresso.tools.win32_11.0.1.201907311258/tools/bin/../lib/gcc/arm-none-eabi/8.2.1/../../../../arm-none-eabi/lib/thumb/v6-m/nofp\libcr_semihost_nf.a(_cr_assert.o)
 .comment       0x00000075       0x76 c:/nxp/mcuxpressoide_11.0.1_2563/ide/plugins/com.nxp.mcuxpresso.tools.win32_11.0.1.201907311258/tools/bin/../lib/gcc/arm-none-eabi/8.2.1/../../../../arm-none-eabi/lib/thumb/v6-m/nofp\libcr_semihost_nf.a(__ciob.o)
 .comment       0x00000075       0x76 c:/nxp/mcuxpressoide_11.0.1_2563/ide/plugins/com.nxp.mcuxpresso.tools.win32_11.0.1.201907311258/tools/bin/../lib/gcc/arm-none-eabi/8.2.1/../../../../arm-none-eabi/lib/thumb/v6-m/nofp\libcr_c.a(memset.o)
 .comment       0x00000075       0x76 c:/nxp/mcuxpressoide_11.0.1_2563/ide/plugins/com.nxp.mcuxpresso.tools.win32_11.0.1.201907311258/tools/bin/../lib/gcc/arm-none-eabi/8.2.1/../../../../arm-none-eabi/lib/thumb/v6-m/nofp\libcr_c.a(_deferredlazyseek.o)
 .comment       0x00000075       0x76 c:/nxp/mcuxpressoide_11.0.1_2563/ide/plugins/com.nxp.mcuxpresso.tools.win32_11.0.1.201907311258/tools/bin/../lib/gcc/arm-none-eabi/8.2.1/../../../../arm-none-eabi/lib/thumb/v6-m/nofp\libcr_c.a(_fflush.o)
 .comment       0x00000075       0x76 c:/nxp/mcuxpressoide_11.0.1_2563/ide/plugins/com.nxp.mcuxpresso.tools.win32_11.0.1.201907311258/tools/bin/../lib/gcc/arm-none-eabi/8.2.1/../../../../arm-none-eabi/lib/thumb/v6-m/nofp\libcr_c.a(_writebuf.o)
 .comment       0x00000075       0x76 c:/nxp/mcuxpressoide_11.0.1_2563/ide/plugins/com.nxp.mcuxpresso.tools.win32_11.0.1.201907311258/tools/bin/../lib/gcc/arm-none-eabi/8.2.1/../../../../arm-none-eabi/lib/thumb/v6-m/nofp\libcr_c.a(alloc.o)
 .comment       0x00000075       0x76 c:/nxp/mcuxpressoide_11.0.1_2563/ide/plugins/com.nxp.mcuxpresso.tools.win32_11.0.1.201907311258/tools/bin/../lib/gcc/arm-none-eabi/8.2.1/../../../../arm-none-eabi/lib/thumb/v6-m/nofp\libcr_c.a(fputs.o)
 .comment       0x00000075       0x76 c:/nxp/mcuxpressoide_11.0.1_2563/ide/plugins/com.nxp.mcuxpresso.tools.win32_11.0.1.201907311258/tools/bin/../lib/gcc/arm-none-eabi/8.2.1/../../../../arm-none-eabi/lib/thumb/v6-m/nofp\libcr_c.a(fseek.o)
 .comment       0x00000075       0x76 c:/nxp/mcuxpressoide_11.0.1_2563/ide/plugins/com.nxp.mcuxpresso.tools.win32_11.0.1.201907311258/tools/bin/../lib/gcc/arm-none-eabi/8.2.1/../../../../arm-none-eabi/lib/thumb/v6-m/nofp\libcr_c.a(ftell.o)
 .comment       0x00000075       0x76 c:/nxp/mcuxpressoide_11.0.1_2563/ide/plugins/com.nxp.mcuxpresso.tools.win32_11.0.1.201907311258/tools/bin/../lib/gcc/arm-none-eabi/8.2.1/../../../../arm-none-eabi/lib/thumb/v6-m/nofp\libcr_c.a(initio.o)
 .comment       0x00000075       0x76 c:/nxp/mcuxpressoide_11.0.1_2563/ide/plugins/com.nxp.mcuxpresso.tools.win32_11.0.1.201907311258/tools/bin/../lib/gcc/arm-none-eabi/8.2.1/../../../../arm-none-eabi/lib/thumb/v6-m/nofp\libcr_c.a(printf.o)
 .comment       0x00000075       0x76 c:/nxp/mcuxpressoide_11.0.1_2563/ide/plugins/com.nxp.mcuxpresso.tools.win32_11.0.1.201907311258/tools/bin/../lib/gcc/arm-none-eabi/8.2.1/../../../../arm-none-eabi/lib/thumb/v6-m/nofp\libcr_c.a(setvbuf.o)
 .comment       0x00000075       0x76 c:/nxp/mcuxpressoide_11.0.1_2563/ide/plugins/com.nxp.mcuxpresso.tools.win32_11.0.1.201907311258/tools/bin/../lib/gcc/arm-none-eabi/8.2.1/../../../../arm-none-eabi/lib/thumb/v6-m/nofp\libcr_c.a(stdlib.o)
 .comment       0x00000075       0x76 c:/nxp/mcuxpressoide_11.0.1_2563/ide/plugins/com.nxp.mcuxpresso.tools.win32_11.0.1.201907311258/tools/bin/../lib/gcc/arm-none-eabi/8.2.1/../../../../arm-none-eabi/lib/thumb/v6-m/nofp\libcr_c.a(strcpy.o)
 .comment       0x00000075       0x76 c:/nxp/mcuxpressoide_11.0.1_2563/ide/plugins/com.nxp.mcuxpresso.tools.win32_11.0.1.201907311258/tools/bin/../lib/gcc/arm-none-eabi/8.2.1/../../../../arm-none-eabi/lib/thumb/v6-m/nofp\libcr_c.a(strlen.o)
 .comment       0x00000075       0x76 c:/nxp/mcuxpressoide_11.0.1_2563/ide/plugins/com.nxp.mcuxpresso.tools.win32_11.0.1.201907311258/tools/bin/../lib/gcc/arm-none-eabi/8.2.1/../../../../arm-none-eabi/lib/thumb/v6-m/nofp\libcr_c.a(__init_alloc.o)
 .comment       0x00000075       0x76 c:/nxp/mcuxpressoide_11.0.1_2563/ide/plugins/com.nxp.mcuxpresso.tools.win32_11.0.1.201907311258/tools/bin/../lib/gcc/arm-none-eabi/8.2.1/../../../../arm-none-eabi/lib/thumb/v6-m/nofp\libcr_c.a(_cr_sbrk.o)
 .comment       0x00000075       0x76 c:/nxp/mcuxpressoide_11.0.1_2563/ide/plugins/com.nxp.mcuxpresso.tools.win32_11.0.1.201907311258/tools/bin/../lib/gcc/arm-none-eabi/8.2.1/../../../../arm-none-eabi/lib/thumb/v6-m/nofp\libcr_c.a(_fdopen.o)
 .comment       0x00000075       0x76 c:/nxp/mcuxpressoide_11.0.1_2563/ide/plugins/com.nxp.mcuxpresso.tools.win32_11.0.1.201907311258/tools/bin/../lib/gcc/arm-none-eabi/8.2.1/../../../../arm-none-eabi/lib/thumb/v6-m/nofp\libcr_c.a(errno.o)
 .comment       0x00000075       0x76 c:/nxp/mcuxpressoide_11.0.1_2563/ide/plugins/com.nxp.mcuxpresso.tools.win32_11.0.1.201907311258/tools/bin/../lib/gcc/arm-none-eabi/8.2.1/../../../../arm-none-eabi/lib/thumb/v6-m/nofp\libcr_c.a(fclose.o)
 .comment       0x00000075       0x76 c:/nxp/mcuxpressoide_11.0.1_2563/ide/plugins/com.nxp.mcuxpresso.tools.win32_11.0.1.201907311258/tools/bin/../lib/gcc/arm-none-eabi/8.2.1/../../../../arm-none-eabi/lib/thumb/v6-m/nofp\libcr_c.a(fflush.o)
 .comment       0x00000075       0x76 c:/nxp/mcuxpressoide_11.0.1_2563/ide/plugins/com.nxp.mcuxpresso.tools.win32_11.0.1.201907311258/tools/bin/../lib/gcc/arm-none-eabi/8.2.1/../../../../arm-none-eabi/lib/thumb/v6-m/nofp\libcr_c.a(remove.o)
 .comment       0x00000075       0x76 c:/nxp/mcuxpressoide_11.0.1_2563/ide/plugins/com.nxp.mcuxpresso.tools.win32_11.0.1.201907311258/tools/bin/../lib/gcc/arm-none-eabi/8.2.1/../../../../arm-none-eabi/lib/thumb/v6-m/nofp\libcr_c.a(_cr_check_heap.o)
 .comment       0x00000075       0x76 c:/nxp/mcuxpressoide_11.0.1_2563/ide/plugins/com.nxp.mcuxpresso.tools.win32_11.0.1.201907311258/tools/bin/../lib/gcc/arm-none-eabi/8.2.1/../../../../arm-none-eabi/lib/thumb/v6-m/nofp\libcr_c.a(_do_fflush.o)
 .comment       0x00000075       0x76 c:/nxp/mcuxpressoide_11.0.1_2563/ide/plugins/com.nxp.mcuxpresso.tools.win32_11.0.1.201907311258/tools/bin/../lib/gcc/arm-none-eabi/8.2.1/thumb/v6-m/nofp\libcr_eabihelpers.a(double.o)

.ARM.attributes
                0x00000000       0x2a
 .ARM.attributes
                0x00000000       0x2c ./utilities/fsl_debug_console.o
 .ARM.attributes
                0x0000002c       0x2c ./startup/startup_mkl25z4.o
 .ARM.attributes
                0x00000058       0x2c ./source/System.o
 .ARM.attributes
                0x00000084       0x2c ./source/application.o
 .ARM.attributes
                0x000000b0       0x2c ./source/circular_buffer.o
 .ARM.attributes
                0x000000dc       0x2c ./source/functions_enum_list.o
 .ARM.attributes
                0x00000108       0x2c ./source/led_control.o
 .ARM.attributes
                0x00000134       0x2c ./source/logger.o
 .ARM.attributes
                0x00000160       0x2c ./source/main.o
 .ARM.attributes
                0x0000018c       0x2c ./source/project_5_tests.o
 .ARM.attributes
                0x000001b8       0x2c ./source/uart0_control.o
 .ARM.attributes
                0x000001e4       0x2c ./drivers/fsl_clock.o
 .ARM.attributes
                0x00000210       0x2c ./drivers/fsl_lpsci.o
 .ARM.attributes
                0x0000023c       0x2c ./drivers/fsl_uart.o
 .ARM.attributes
                0x00000268       0x2c ./board/board.o
 .ARM.attributes
                0x00000294       0x2c ./board/clock_config.o
 .ARM.attributes
                0x000002c0       0x2c ./board/peripherals.o
 .ARM.attributes
                0x000002ec       0x2c ./board/pin_mux.o
 .ARM.attributes
                0x00000318       0x2c ./CMSIS/system_MKL25Z4.o
 .ARM.attributes
                0x00000344       0x2c c:/nxp/mcuxpressoide_11.0.1_2563/ide/plugins/com.nxp.mcuxpresso.tools.win32_11.0.1.201907311258/tools/bin/../lib/gcc/arm-none-eabi/8.2.1/../../../../arm-none-eabi/lib/thumb/v6-m/nofp\libcr_semihost_nf.a(_cr__main.o)
 .ARM.attributes
                0x00000370       0x2c c:/nxp/mcuxpressoide_11.0.1_2563/ide/plugins/com.nxp.mcuxpresso.tools.win32_11.0.1.201907311258/tools/bin/../lib/gcc/arm-none-eabi/8.2.1/../../../../arm-none-eabi/lib/thumb/v6-m/nofp\libcr_semihost_nf.a(_cr_assert.o)
 .ARM.attributes
                0x0000039c       0x31 c:/nxp/mcuxpressoide_11.0.1_2563/ide/plugins/com.nxp.mcuxpresso.tools.win32_11.0.1.201907311258/tools/bin/../lib/gcc/arm-none-eabi/8.2.1/../../../../arm-none-eabi/lib/thumb/v6-m/nofp\libcr_semihost_nf.a(__ciob.o)
 .ARM.attributes
                0x000003cd       0x1c c:/nxp/mcuxpressoide_11.0.1_2563/ide/plugins/com.nxp.mcuxpresso.tools.win32_11.0.1.201907311258/tools/bin/../lib/gcc/arm-none-eabi/8.2.1/../../../../arm-none-eabi/lib/thumb/v6-m/nofp\libcr_semihost_nf.a(__sys_appexit.o)
 .ARM.attributes
                0x000003e9       0x2c c:/nxp/mcuxpressoide_11.0.1_2563/ide/plugins/com.nxp.mcuxpresso.tools.win32_11.0.1.201907311258/tools/bin/../lib/gcc/arm-none-eabi/8.2.1/../../../../arm-none-eabi/lib/thumb/v6-m/nofp\libcr_c.a(memset.o)
 .ARM.attributes
                0x00000415       0x2c c:/nxp/mcuxpressoide_11.0.1_2563/ide/plugins/com.nxp.mcuxpresso.tools.win32_11.0.1.201907311258/tools/bin/../lib/gcc/arm-none-eabi/8.2.1/../../../../arm-none-eabi/lib/thumb/v6-m/nofp\libcr_c.a(_deferredlazyseek.o)
 .ARM.attributes
                0x00000441       0x2c c:/nxp/mcuxpressoide_11.0.1_2563/ide/plugins/com.nxp.mcuxpresso.tools.win32_11.0.1.201907311258/tools/bin/../lib/gcc/arm-none-eabi/8.2.1/../../../../arm-none-eabi/lib/thumb/v6-m/nofp\libcr_c.a(_fflush.o)
 .ARM.attributes
                0x0000046d       0x2c c:/nxp/mcuxpressoide_11.0.1_2563/ide/plugins/com.nxp.mcuxpresso.tools.win32_11.0.1.201907311258/tools/bin/../lib/gcc/arm-none-eabi/8.2.1/../../../../arm-none-eabi/lib/thumb/v6-m/nofp\libcr_c.a(_writebuf.o)
 .ARM.attributes
                0x00000499       0x2c c:/nxp/mcuxpressoide_11.0.1_2563/ide/plugins/com.nxp.mcuxpresso.tools.win32_11.0.1.201907311258/tools/bin/../lib/gcc/arm-none-eabi/8.2.1/../../../../arm-none-eabi/lib/thumb/v6-m/nofp\libcr_c.a(alloc.o)
 .ARM.attributes
                0x000004c5       0x2c c:/nxp/mcuxpressoide_11.0.1_2563/ide/plugins/com.nxp.mcuxpresso.tools.win32_11.0.1.201907311258/tools/bin/../lib/gcc/arm-none-eabi/8.2.1/../../../../arm-none-eabi/lib/thumb/v6-m/nofp\libcr_c.a(fputs.o)
 .ARM.attributes
                0x000004f1       0x2c c:/nxp/mcuxpressoide_11.0.1_2563/ide/plugins/com.nxp.mcuxpresso.tools.win32_11.0.1.201907311258/tools/bin/../lib/gcc/arm-none-eabi/8.2.1/../../../../arm-none-eabi/lib/thumb/v6-m/nofp\libcr_c.a(fseek.o)
 .ARM.attributes
                0x0000051d       0x2c c:/nxp/mcuxpressoide_11.0.1_2563/ide/plugins/com.nxp.mcuxpresso.tools.win32_11.0.1.201907311258/tools/bin/../lib/gcc/arm-none-eabi/8.2.1/../../../../arm-none-eabi/lib/thumb/v6-m/nofp\libcr_c.a(ftell.o)
 .ARM.attributes
                0x00000549       0x2c c:/nxp/mcuxpressoide_11.0.1_2563/ide/plugins/com.nxp.mcuxpresso.tools.win32_11.0.1.201907311258/tools/bin/../lib/gcc/arm-none-eabi/8.2.1/../../../../arm-none-eabi/lib/thumb/v6-m/nofp\libcr_c.a(initio.o)
 .ARM.attributes
                0x00000575       0x2c c:/nxp/mcuxpressoide_11.0.1_2563/ide/plugins/com.nxp.mcuxpresso.tools.win32_11.0.1.201907311258/tools/bin/../lib/gcc/arm-none-eabi/8.2.1/../../../../arm-none-eabi/lib/thumb/v6-m/nofp\libcr_c.a(printf.o)
 .ARM.attributes
                0x000005a1       0x2c c:/nxp/mcuxpressoide_11.0.1_2563/ide/plugins/com.nxp.mcuxpresso.tools.win32_11.0.1.201907311258/tools/bin/../lib/gcc/arm-none-eabi/8.2.1/../../../../arm-none-eabi/lib/thumb/v6-m/nofp\libcr_c.a(setvbuf.o)
 .ARM.attributes
                0x000005cd       0x2c c:/nxp/mcuxpressoide_11.0.1_2563/ide/plugins/com.nxp.mcuxpresso.tools.win32_11.0.1.201907311258/tools/bin/../lib/gcc/arm-none-eabi/8.2.1/../../../../arm-none-eabi/lib/thumb/v6-m/nofp\libcr_c.a(stdlib.o)
 .ARM.attributes
                0x000005f9       0x2c c:/nxp/mcuxpressoide_11.0.1_2563/ide/plugins/com.nxp.mcuxpresso.tools.win32_11.0.1.201907311258/tools/bin/../lib/gcc/arm-none-eabi/8.2.1/../../../../arm-none-eabi/lib/thumb/v6-m/nofp\libcr_c.a(strcpy.o)
 .ARM.attributes
                0x00000625       0x2c c:/nxp/mcuxpressoide_11.0.1_2563/ide/plugins/com.nxp.mcuxpresso.tools.win32_11.0.1.201907311258/tools/bin/../lib/gcc/arm-none-eabi/8.2.1/../../../../arm-none-eabi/lib/thumb/v6-m/nofp\libcr_c.a(strlen.o)
 .ARM.attributes
                0x00000651       0x2c c:/nxp/mcuxpressoide_11.0.1_2563/ide/plugins/com.nxp.mcuxpresso.tools.win32_11.0.1.201907311258/tools/bin/../lib/gcc/arm-none-eabi/8.2.1/../../../../arm-none-eabi/lib/thumb/v6-m/nofp\libcr_c.a(__init_alloc.o)
 .ARM.attributes
                0x0000067d       0x2c c:/nxp/mcuxpressoide_11.0.1_2563/ide/plugins/com.nxp.mcuxpresso.tools.win32_11.0.1.201907311258/tools/bin/../lib/gcc/arm-none-eabi/8.2.1/../../../../arm-none-eabi/lib/thumb/v6-m/nofp\libcr_c.a(_cr_sbrk.o)
 .ARM.attributes
                0x000006a9       0x2c c:/nxp/mcuxpressoide_11.0.1_2563/ide/plugins/com.nxp.mcuxpresso.tools.win32_11.0.1.201907311258/tools/bin/../lib/gcc/arm-none-eabi/8.2.1/../../../../arm-none-eabi/lib/thumb/v6-m/nofp\libcr_c.a(_fdopen.o)
 .ARM.attributes
                0x000006d5       0x31 c:/nxp/mcuxpressoide_11.0.1_2563/ide/plugins/com.nxp.mcuxpresso.tools.win32_11.0.1.201907311258/tools/bin/../lib/gcc/arm-none-eabi/8.2.1/../../../../arm-none-eabi/lib/thumb/v6-m/nofp\libcr_c.a(errno.o)
 .ARM.attributes
                0x00000706       0x2c c:/nxp/mcuxpressoide_11.0.1_2563/ide/plugins/com.nxp.mcuxpresso.tools.win32_11.0.1.201907311258/tools/bin/../lib/gcc/arm-none-eabi/8.2.1/../../../../arm-none-eabi/lib/thumb/v6-m/nofp\libcr_c.a(fclose.o)
 .ARM.attributes
                0x00000732       0x2c c:/nxp/mcuxpressoide_11.0.1_2563/ide/plugins/com.nxp.mcuxpresso.tools.win32_11.0.1.201907311258/tools/bin/../lib/gcc/arm-none-eabi/8.2.1/../../../../arm-none-eabi/lib/thumb/v6-m/nofp\libcr_c.a(fflush.o)
 .ARM.attributes
                0x0000075e       0x2c c:/nxp/mcuxpressoide_11.0.1_2563/ide/plugins/com.nxp.mcuxpresso.tools.win32_11.0.1.201907311258/tools/bin/../lib/gcc/arm-none-eabi/8.2.1/../../../../arm-none-eabi/lib/thumb/v6-m/nofp\libcr_c.a(remove.o)
 .ARM.attributes
                0x0000078a       0x2c c:/nxp/mcuxpressoide_11.0.1_2563/ide/plugins/com.nxp.mcuxpresso.tools.win32_11.0.1.201907311258/tools/bin/../lib/gcc/arm-none-eabi/8.2.1/../../../../arm-none-eabi/lib/thumb/v6-m/nofp\libcr_c.a(_cr_check_heap.o)
 .ARM.attributes
                0x000007b6       0x2c c:/nxp/mcuxpressoide_11.0.1_2563/ide/plugins/com.nxp.mcuxpresso.tools.win32_11.0.1.201907311258/tools/bin/../lib/gcc/arm-none-eabi/8.2.1/../../../../arm-none-eabi/lib/thumb/v6-m/nofp\libcr_c.a(_do_fflush.o)
 .ARM.attributes
                0x000007e2       0x1c c:/nxp/mcuxpressoide_11.0.1_2563/ide/plugins/com.nxp.mcuxpresso.tools.win32_11.0.1.201907311258/tools/bin/../lib/gcc/arm-none-eabi/8.2.1/thumb/v6-m/nofp\libcr_eabihelpers.a(division_32.o)
 .ARM.attributes
                0x000007fe       0x1c c:/nxp/mcuxpressoide_11.0.1_2563/ide/plugins/com.nxp.mcuxpresso.tools.win32_11.0.1.201907311258/tools/bin/../lib/gcc/arm-none-eabi/8.2.1/thumb/v6-m/nofp\libcr_eabihelpers.a(division_idiv0.o)
 .ARM.attributes
                0x0000081a       0x2c c:/nxp/mcuxpressoide_11.0.1_2563/ide/plugins/com.nxp.mcuxpresso.tools.win32_11.0.1.201907311258/tools/bin/../lib/gcc/arm-none-eabi/8.2.1/thumb/v6-m/nofp\libcr_eabihelpers.a(double.o)
 .ARM.attributes
                0x00000846       0x1c c:/nxp/mcuxpressoide_11.0.1_2563/ide/plugins/com.nxp.mcuxpresso.tools.win32_11.0.1.201907311258/tools/bin/../lib/gcc/arm-none-eabi/8.2.1/thumb/v6-m/nofp\libcr_eabihelpers.a(llong.o)
 .ARM.attributes
                0x00000862       0x1c c:/nxp/mcuxpressoide_11.0.1_2563/ide/plugins/com.nxp.mcuxpresso.tools.win32_11.0.1.201907311258/tools/bin/../lib/gcc/arm-none-eabi/8.2.1/thumb/v6-m/nofp\libcr_eabihelpers.a(memcpy.o)
 .ARM.attributes
                0x0000087e       0x1c c:/nxp/mcuxpressoide_11.0.1_2563/ide/plugins/com.nxp.mcuxpresso.tools.win32_11.0.1.201907311258/tools/bin/../lib/gcc/arm-none-eabi/8.2.1/../../../../arm-none-eabi/lib/thumb/v6-m/nofp\libcr_semihost_nf.a(__sys_close.o)
 .ARM.attributes
                0x0000089a       0x1c c:/nxp/mcuxpressoide_11.0.1_2563/ide/plugins/com.nxp.mcuxpresso.tools.win32_11.0.1.201907311258/tools/bin/../lib/gcc/arm-none-eabi/8.2.1/../../../../arm-none-eabi/lib/thumb/v6-m/nofp\libcr_semihost_nf.a(__sys_flen.o)
 .ARM.attributes
                0x000008b6       0x1c c:/nxp/mcuxpressoide_11.0.1_2563/ide/plugins/com.nxp.mcuxpresso.tools.win32_11.0.1.201907311258/tools/bin/../lib/gcc/arm-none-eabi/8.2.1/../../../../arm-none-eabi/lib/thumb/v6-m/nofp\libcr_semihost_nf.a(__sys_istty.o)
 .ARM.attributes
                0x000008d2       0x1c c:/nxp/mcuxpressoide_11.0.1_2563/ide/plugins/com.nxp.mcuxpresso.tools.win32_11.0.1.201907311258/tools/bin/../lib/gcc/arm-none-eabi/8.2.1/../../../../arm-none-eabi/lib/thumb/v6-m/nofp\libcr_semihost_nf.a(__sys_remove.o)
 .ARM.attributes
                0x000008ee       0x1c c:/nxp/mcuxpressoide_11.0.1_2563/ide/plugins/com.nxp.mcuxpresso.tools.win32_11.0.1.201907311258/tools/bin/../lib/gcc/arm-none-eabi/8.2.1/../../../../arm-none-eabi/lib/thumb/v6-m/nofp\libcr_semihost_nf.a(__sys_seek.o)
 .ARM.attributes
                0x0000090a       0x1c c:/nxp/mcuxpressoide_11.0.1_2563/ide/plugins/com.nxp.mcuxpresso.tools.win32_11.0.1.201907311258/tools/bin/../lib/gcc/arm-none-eabi/8.2.1/../../../../arm-none-eabi/lib/thumb/v6-m/nofp\libcr_semihost_nf.a(__sys_tmpnam.o)

.debug_frame    0x00000000     0x1dcc
 .debug_frame   0x00000000      0x10c ./utilities/fsl_debug_console.o
 .debug_frame   0x0000010c      0x3b0 ./startup/startup_mkl25z4.o
 .debug_frame   0x000004bc       0xc0 ./source/System.o
 .debug_frame   0x0000057c       0x8c ./source/application.o
 .debug_frame   0x00000608      0x118 ./source/circular_buffer.o
 .debug_frame   0x00000720       0x30 ./source/functions_enum_list.o
 .debug_frame   0x00000750       0x70 ./source/led_control.o
 .debug_frame   0x000007c0       0xe0 ./source/logger.o
 .debug_frame   0x000008a0       0x4c ./source/main.o
 .debug_frame   0x000008ec      0x10c ./source/project_5_tests.o
 .debug_frame   0x000009f8      0x200 ./source/uart0_control.o
 .debug_frame   0x00000bf8      0x6e0 ./drivers/fsl_clock.o
 .debug_frame   0x000012d8      0x418 ./drivers/fsl_lpsci.o
 .debug_frame   0x000016f0      0x468 ./drivers/fsl_uart.o
 .debug_frame   0x00001b58       0x50 ./board/board.o
 .debug_frame   0x00001ba8      0x100 ./board/clock_config.o
 .debug_frame   0x00001ca8       0x2c ./board/peripherals.o
 .debug_frame   0x00001cd4       0xac ./board/pin_mux.o
 .debug_frame   0x00001d80       0x4c ./CMSIS/system_MKL25Z4.o

Cross Reference Table

Symbol                                            File
ADC0_DriverIRQHandler                             ./startup/startup_mkl25z4.o
ADC0_IRQHandler                                   ./startup/startup_mkl25z4.o
BOARD_BootClockRUN                                ./board/clock_config.o
BOARD_BootClockVLPR                               ./board/clock_config.o
BOARD_InitBootClocks                              ./board/clock_config.o
                                                  ./source/main.o
BOARD_InitBootPeripherals                         ./board/peripherals.o
                                                  ./source/main.o
BOARD_InitBootPins                                ./board/pin_mux.o
                                                  ./source/main.o
BOARD_InitDebugConsole                            ./board/board.o
                                                  ./source/main.o
BOARD_InitPins                                    ./board/pin_mux.o
CLOCK_BootToBlpeMode                              ./drivers/fsl_clock.o
CLOCK_BootToBlpiMode                              ./drivers/fsl_clock.o
                                                  ./board/clock_config.o
CLOCK_BootToFeeMode                               ./drivers/fsl_clock.o
CLOCK_BootToFeiMode                               ./drivers/fsl_clock.o
CLOCK_BootToPeeMode                               ./drivers/fsl_clock.o
                                                  ./board/clock_config.o
CLOCK_CalcPllDiv                                  ./drivers/fsl_clock.o
CLOCK_ClearStatusFlags                            ./drivers/fsl_clock.o
CLOCK_DeinitOsc0                                  ./drivers/fsl_clock.o
CLOCK_EnablePll0                                  ./drivers/fsl_clock.o
CLOCK_EnableUsbfs0Clock                           ./drivers/fsl_clock.o
CLOCK_ExternalModeToFbeModeQuick                  ./drivers/fsl_clock.o
CLOCK_FllStableDelay                              ./drivers/fsl_clock.o
CLOCK_GetBusClkFreq                               ./drivers/fsl_clock.o
CLOCK_GetCoreSysClkFreq                           ./drivers/fsl_clock.o
CLOCK_GetEr32kClkFreq                             ./drivers/fsl_clock.o
CLOCK_GetFixedFreqClkFreq                         ./drivers/fsl_clock.o
CLOCK_GetFlashClkFreq                             ./drivers/fsl_clock.o
CLOCK_GetFllFreq                                  ./drivers/fsl_clock.o
CLOCK_GetFreq                                     ./drivers/fsl_clock.o
CLOCK_GetInternalRefClkFreq                       ./drivers/fsl_clock.o
CLOCK_GetMode                                     ./drivers/fsl_clock.o
CLOCK_GetOsc0ErClkFreq                            ./drivers/fsl_clock.o
CLOCK_GetOutClkFreq                               ./drivers/fsl_clock.o
CLOCK_GetPlatClkFreq                              ./drivers/fsl_clock.o
CLOCK_GetPll0Freq                                 ./drivers/fsl_clock.o
CLOCK_GetPllFllSelClkFreq                         ./drivers/fsl_clock.o
                                                  ./board/board.o
CLOCK_GetStatusFlags                              ./drivers/fsl_clock.o
CLOCK_InitOsc0                                    ./drivers/fsl_clock.o
                                                  ./board/clock_config.o
CLOCK_InternalModeToFbiModeQuick                  ./drivers/fsl_clock.o
CLOCK_SetBlpeMode                                 ./drivers/fsl_clock.o
CLOCK_SetBlpiMode                                 ./drivers/fsl_clock.o
CLOCK_SetExternalRefClkConfig                     ./drivers/fsl_clock.o
CLOCK_SetFbeMode                                  ./drivers/fsl_clock.o
CLOCK_SetFbiMode                                  ./drivers/fsl_clock.o
CLOCK_SetFeeMode                                  ./drivers/fsl_clock.o
CLOCK_SetFeiMode                                  ./drivers/fsl_clock.o
CLOCK_SetInternalRefClkConfig                     ./drivers/fsl_clock.o
                                                  ./board/clock_config.o
CLOCK_SetMcgConfig                                ./drivers/fsl_clock.o
CLOCK_SetOsc0MonitorMode                          ./drivers/fsl_clock.o
CLOCK_SetPbeMode                                  ./drivers/fsl_clock.o
CLOCK_SetPeeMode                                  ./drivers/fsl_clock.o
CLOCK_SetPll0MonitorMode                          ./drivers/fsl_clock.o
CLOCK_SetSimConfig                                ./drivers/fsl_clock.o
                                                  ./board/clock_config.o
CLOCK_TrimInternalRefClk                          ./drivers/fsl_clock.o
CMP0_DriverIRQHandler                             ./startup/startup_mkl25z4.o
CMP0_IRQHandler                                   ./startup/startup_mkl25z4.o
DAC0_DriverIRQHandler                             ./startup/startup_mkl25z4.o
DAC0_IRQHandler                                   ./startup/startup_mkl25z4.o
DMA0_DriverIRQHandler                             ./startup/startup_mkl25z4.o
DMA0_IRQHandler                                   ./startup/startup_mkl25z4.o
DMA1_DriverIRQHandler                             ./startup/startup_mkl25z4.o
DMA1_IRQHandler                                   ./startup/startup_mkl25z4.o
DMA2_DriverIRQHandler                             ./startup/startup_mkl25z4.o
DMA2_IRQHandler                                   ./startup/startup_mkl25z4.o
DMA3_DriverIRQHandler                             ./startup/startup_mkl25z4.o
DMA3_IRQHandler                                   ./startup/startup_mkl25z4.o
DbgConsole_Deinit                                 ./utilities/fsl_debug_console.o
DbgConsole_Init                                   ./utilities/fsl_debug_console.o
                                                  ./board/board.o
FLASH_Erase                                       ./drivers/fsl_flash.o
FLASH_EraseAll                                    ./drivers/fsl_flash.o
FLASH_EraseAllExecuteOnlySegments                 ./drivers/fsl_flash.o
FLASH_GetProperty                                 ./drivers/fsl_flash.o
FLASH_GetSecurityState                            ./drivers/fsl_flash.o
FLASH_Init                                        ./drivers/fsl_flash.o
FLASH_IsExecuteOnly                               ./drivers/fsl_flash.o
FLASH_IsProtected                                 ./drivers/fsl_flash.o
FLASH_PflashGetPrefetchSpeculation                ./drivers/fsl_flash.o
FLASH_PflashGetProtection                         ./drivers/fsl_flash.o
FLASH_PflashSetPrefetchSpeculation                ./drivers/fsl_flash.o
                                                  ./drivers/fsl_smc.o
FLASH_PflashSetProtection                         ./drivers/fsl_flash.o
FLASH_PrepareExecuteInRamFunctions                ./drivers/fsl_flash.o
FLASH_Program                                     ./drivers/fsl_flash.o
FLASH_ProgramOnce                                 ./drivers/fsl_flash.o
FLASH_ReadOnce                                    ./drivers/fsl_flash.o
FLASH_ReadResource                                ./drivers/fsl_flash.o
FLASH_SecurityBypass                              ./drivers/fsl_flash.o
FLASH_SetCallback                                 ./drivers/fsl_flash.o
FLASH_SetProperty                                 ./drivers/fsl_flash.o
FLASH_VerifyErase                                 ./drivers/fsl_flash.o
FLASH_VerifyEraseAll                              ./drivers/fsl_flash.o
FLASH_VerifyEraseAllExecuteOnlySegments           ./drivers/fsl_flash.o
FLASH_VerifyProgram                               ./drivers/fsl_flash.o
FTFA_DriverIRQHandler                             ./startup/startup_mkl25z4.o
FTFA_IRQHandler                                   ./startup/startup_mkl25z4.o
Flash_Config                                      ./startup/startup_mkl25z4.o
GPIO_ClearPinsInterruptFlags                      ./drivers/fsl_gpio.o
GPIO_GetPinsInterruptFlags                        ./drivers/fsl_gpio.o
GPIO_PinInit                                      ./drivers/fsl_gpio.o
HardFault_Handler                                 ./startup/startup_mkl25z4.o
I2C0_DriverIRQHandler                             ./startup/startup_mkl25z4.o
I2C0_IRQHandler                                   ./startup/startup_mkl25z4.o
I2C1_DriverIRQHandler                             ./startup/startup_mkl25z4.o
I2C1_IRQHandler                                   ./startup/startup_mkl25z4.o
InstallIRQHandler                                 ./drivers/fsl_common.o
IntDefaultHandler                                 ./startup/startup_mkl25z4.o
LLWU_DriverIRQHandler                             ./startup/startup_mkl25z4.o
LLWU_IRQHandler                                   ./startup/startup_mkl25z4.o
LPSCI_ClearStatusFlags                            ./drivers/fsl_lpsci.o
LPSCI_Deinit                                      ./drivers/fsl_lpsci.o
                                                  ./utilities/fsl_debug_console.o
LPSCI_DisableInterrupts                           ./drivers/fsl_lpsci.o
LPSCI_EnableInterrupts                            ./drivers/fsl_lpsci.o
LPSCI_GetDefaultConfig                            ./drivers/fsl_lpsci.o
                                                  ./utilities/fsl_debug_console.o
LPSCI_GetEnabledInterrupts                        ./drivers/fsl_lpsci.o
LPSCI_GetInstance                                 ./drivers/fsl_lpsci.o
LPSCI_GetStatusFlags                              ./drivers/fsl_lpsci.o
LPSCI_Init                                        ./drivers/fsl_lpsci.o
                                                  ./utilities/fsl_debug_console.o
LPSCI_ReadBlocking                                ./drivers/fsl_lpsci.o
                                                  ./utilities/fsl_debug_console.o
LPSCI_SetBaudRate                                 ./drivers/fsl_lpsci.o
LPSCI_TransferAbortReceive                        ./drivers/fsl_lpsci.o
LPSCI_TransferAbortSend                           ./drivers/fsl_lpsci.o
LPSCI_TransferCreateHandle                        ./drivers/fsl_lpsci.o
LPSCI_TransferGetReceiveCount                     ./drivers/fsl_lpsci.o
LPSCI_TransferGetSendCount                        ./drivers/fsl_lpsci.o
LPSCI_TransferHandleErrorIRQ                      ./drivers/fsl_lpsci.o
LPSCI_TransferHandleIRQ                           ./drivers/fsl_lpsci.o
LPSCI_TransferReceiveNonBlocking                  ./drivers/fsl_lpsci.o
LPSCI_TransferSendNonBlocking                     ./drivers/fsl_lpsci.o
LPSCI_TransferStartRingBuffer                     ./drivers/fsl_lpsci.o
LPSCI_TransferStopRingBuffer                      ./drivers/fsl_lpsci.o
LPSCI_WriteBlocking                               ./drivers/fsl_lpsci.o
                                                  ./utilities/fsl_debug_console.o
LPTMR0_DriverIRQHandler                           ./startup/startup_mkl25z4.o
LPTMR0_IRQHandler                                 ./startup/startup_mkl25z4.o
LVD_LVW_DriverIRQHandler                          ./startup/startup_mkl25z4.o
LVD_LVW_IRQHandler                                ./startup/startup_mkl25z4.o
Log_data                                          ./source/logger.o
Log_disable                                       ./source/logger.o
Log_enable                                        ./source/logger.o
                                                  ./source/main.o
Log_integer                                       ./source/logger.o
Log_newline                                       ./source/logger.o
                                                  ./source/application.o
Log_status                                        ./source/logger.o
Log_string                                        ./source/logger.o
                                                  ./source/application.o
MCG_DriverIRQHandler                              ./startup/startup_mkl25z4.o
MCG_IRQHandler                                    ./startup/startup_mkl25z4.o
NMI_Handler                                       ./startup/startup_mkl25z4.o
PIT_DriverIRQHandler                              ./startup/startup_mkl25z4.o
PIT_IRQHandler                                    ./startup/startup_mkl25z4.o
PORTA_DriverIRQHandler                            ./startup/startup_mkl25z4.o
PORTA_IRQHandler                                  ./startup/startup_mkl25z4.o
PORTD_DriverIRQHandler                            ./startup/startup_mkl25z4.o
PORTD_IRQHandler                                  ./startup/startup_mkl25z4.o
PendSV_Handler                                    ./startup/startup_mkl25z4.o
RTC_DriverIRQHandler                              ./startup/startup_mkl25z4.o
RTC_IRQHandler                                    ./startup/startup_mkl25z4.o
RTC_Seconds_DriverIRQHandler                      ./startup/startup_mkl25z4.o
RTC_Seconds_IRQHandler                            ./startup/startup_mkl25z4.o
Reserved20_DriverIRQHandler                       ./startup/startup_mkl25z4.o
Reserved20_IRQHandler                             ./startup/startup_mkl25z4.o
Reserved39_DriverIRQHandler                       ./startup/startup_mkl25z4.o
Reserved39_IRQHandler                             ./startup/startup_mkl25z4.o
Reserved45_DriverIRQHandler                       ./startup/startup_mkl25z4.o
Reserved45_IRQHandler                             ./startup/startup_mkl25z4.o
ResetISR                                          ./startup/startup_mkl25z4.o
SMC_PostExitStopModes                             ./drivers/fsl_smc.o
SMC_PreEnterStopModes                             ./drivers/fsl_smc.o
SMC_SetPowerModeLls                               ./drivers/fsl_smc.o
SMC_SetPowerModeRun                               ./drivers/fsl_smc.o
SMC_SetPowerModeStop                              ./drivers/fsl_smc.o
SMC_SetPowerModeVlls                              ./drivers/fsl_smc.o
SMC_SetPowerModeVlpr                              ./drivers/fsl_smc.o
                                                  ./board/clock_config.o
SMC_SetPowerModeVlps                              ./drivers/fsl_smc.o
SMC_SetPowerModeVlpw                              ./drivers/fsl_smc.o
SMC_SetPowerModeWait                              ./drivers/fsl_smc.o
SPI0_DriverIRQHandler                             ./startup/startup_mkl25z4.o
SPI0_IRQHandler                                   ./startup/startup_mkl25z4.o
SPI1_DriverIRQHandler                             ./startup/startup_mkl25z4.o