Archive member included to satisfy reference by file (symbol)

c:/nxp/mcuxpressoide_11.0.1_2563/ide/plugins/com.nxp.mcuxpresso.tools.win32_11.0.1.201907311258/tools/bin/../lib/gcc/arm-none-eabi/8.2.1/../../../../arm-none-eabi/lib/thumb/v6-m/nofp\libcr_c.a(memcpy.o)
                              ./debug/display_memory.o (memcpy)
c:/nxp/mcuxpressoide_11.0.1_2563/ide/plugins/com.nxp.mcuxpresso.tools.win32_11.0.1.201907311258/tools/bin/../lib/gcc/arm-none-eabi/8.2.1/../../../../arm-none-eabi/lib/thumb/v6-m/nofp\libcr_c.a(memset.o)
                              ./debug/gen_pattern.o (memset)
c:/nxp/mcuxpressoide_11.0.1_2563/ide/plugins/com.nxp.mcuxpresso.tools.win32_11.0.1.201907311258/tools/bin/../lib/gcc/arm-none-eabi/8.2.1/../../../../arm-none-eabi/lib/thumb/v6-m/nofp\libcr_c.a(alloc.o)
                              ./debug/allocate_words.o (malloc)
c:/nxp/mcuxpressoide_11.0.1_2563/ide/plugins/com.nxp.mcuxpresso.tools.win32_11.0.1.201907311258/tools/bin/../lib/gcc/arm-none-eabi/8.2.1/../../../../arm-none-eabi/lib/thumb/v6-m/nofp\libcr_c.a(strlen.o)
                              ./debug/fsl_debug_console.o (strlen)
c:/nxp/mcuxpressoide_11.0.1_2563/ide/plugins/com.nxp.mcuxpresso.tools.win32_11.0.1.201907311258/tools/bin/../lib/gcc/arm-none-eabi/8.2.1/../../../../arm-none-eabi/lib/thumb/v6-m/nofp\libcr_c.a(__init_alloc.o)
                              c:/nxp/mcuxpressoide_11.0.1_2563/ide/plugins/com.nxp.mcuxpresso.tools.win32_11.0.1.201907311258/tools/bin/../lib/gcc/arm-none-eabi/8.2.1/../../../../arm-none-eabi/lib/thumb/v6-m/nofp\libcr_c.a(alloc.o) (__heaps)
c:/nxp/mcuxpressoide_11.0.1_2563/ide/plugins/com.nxp.mcuxpresso.tools.win32_11.0.1.201907311258/tools/bin/../lib/gcc/arm-none-eabi/8.2.1/../../../../arm-none-eabi/lib/thumb/v6-m/nofp\libcr_c.a(_cr_sbrk.o)
                              c:/nxp/mcuxpressoide_11.0.1_2563/ide/plugins/com.nxp.mcuxpresso.tools.win32_11.0.1.201907311258/tools/bin/../lib/gcc/arm-none-eabi/8.2.1/../../../../arm-none-eabi/lib/thumb/v6-m/nofp\libcr_c.a(alloc.o) (_sbrk)
c:/nxp/mcuxpressoide_11.0.1_2563/ide/plugins/com.nxp.mcuxpresso.tools.win32_11.0.1.201907311258/tools/bin/../lib/gcc/arm-none-eabi/8.2.1/../../../../arm-none-eabi/lib/thumb/v6-m/nofp\libcr_c.a(errno.o)
                              c:/nxp/mcuxpressoide_11.0.1_2563/ide/plugins/com.nxp.mcuxpresso.tools.win32_11.0.1.201907311258/tools/bin/../lib/gcc/arm-none-eabi/8.2.1/../../../../arm-none-eabi/lib/thumb/v6-m/nofp\libcr_c.a(_cr_sbrk.o) (errno)
c:/nxp/mcuxpressoide_11.0.1_2563/ide/plugins/com.nxp.mcuxpresso.tools.win32_11.0.1.201907311258/tools/bin/../lib/gcc/arm-none-eabi/8.2.1/../../../../arm-none-eabi/lib/thumb/v6-m/nofp\libcr_c.a(_cr_check_heap.o)
                              c:/nxp/mcuxpressoide_11.0.1_2563/ide/plugins/com.nxp.mcuxpresso.tools.win32_11.0.1.201907311258/tools/bin/../lib/gcc/arm-none-eabi/8.2.1/../../../../arm-none-eabi/lib/thumb/v6-m/nofp\libcr_c.a(_cr_sbrk.o) (__check_heap_overflow)
c:/nxp/mcuxpressoide_11.0.1_2563/ide/plugins/com.nxp.mcuxpresso.tools.win32_11.0.1.201907311258/tools/bin/../lib/gcc/arm-none-eabi/8.2.1/thumb/v6-m/nofp\libcr_eabihelpers.a(division_32.o)
                              ./debug/fsl_debug_console.o (__aeabi_idiv)
c:/nxp/mcuxpressoide_11.0.1_2563/ide/plugins/com.nxp.mcuxpresso.tools.win32_11.0.1.201907311258/tools/bin/../lib/gcc/arm-none-eabi/8.2.1/thumb/v6-m/nofp\libcr_eabihelpers.a(division_idiv0.o)
                              c:/nxp/mcuxpressoide_11.0.1_2563/ide/plugins/com.nxp.mcuxpresso.tools.win32_11.0.1.201907311258/tools/bin/../lib/gcc/arm-none-eabi/8.2.1/thumb/v6-m/nofp\libcr_eabihelpers.a(division_32.o) (__aeabi_idiv0)
c:/nxp/mcuxpressoide_11.0.1_2563/ide/plugins/com.nxp.mcuxpresso.tools.win32_11.0.1.201907311258/tools/bin/../lib/gcc/arm-none-eabi/8.2.1/thumb/v6-m/nofp\libcr_eabihelpers.a(double.o)
                              ./debug/timing_control.o (__aeabi_ddiv)
c:/nxp/mcuxpressoide_11.0.1_2563/ide/plugins/com.nxp.mcuxpresso.tools.win32_11.0.1.201907311258/tools/bin/../lib/gcc/arm-none-eabi/8.2.1/thumb/v6-m/nofp\libcr_eabihelpers.a(llong.o)
                              c:/nxp/mcuxpressoide_11.0.1_2563/ide/plugins/com.nxp.mcuxpresso.tools.win32_11.0.1.201907311258/tools/bin/../lib/gcc/arm-none-eabi/8.2.1/thumb/v6-m/nofp\libcr_eabihelpers.a(double.o) (__aeabi_lmul)
c:/nxp/mcuxpressoide_11.0.1_2563/ide/plugins/com.nxp.mcuxpresso.tools.win32_11.0.1.201907311258/tools/bin/../lib/gcc/arm-none-eabi/8.2.1/thumb/v6-m/nofp\libcr_eabihelpers.a(memcpy.o)
                              c:/nxp/mcuxpressoide_11.0.1_2563/ide/plugins/com.nxp.mcuxpresso.tools.win32_11.0.1.201907311258/tools/bin/../lib/gcc/arm-none-eabi/8.2.1/../../../../arm-none-eabi/lib/thumb/v6-m/nofp\libcr_c.a(memcpy.o) (__aeabi_memcpy)
c:/nxp/mcuxpressoide_11.0.1_2563/ide/plugins/com.nxp.mcuxpresso.tools.win32_11.0.1.201907311258/tools/bin/../lib/gcc/arm-none-eabi/8.2.1/../../../../arm-none-eabi/lib/thumb/v6-m/nofp\libcr_semihost_nf.a(__sys_appexit.o)
[...]
Memory Configuration

Name             Origin             Length             Attributes
PROGRAM_FLASH    0x00000000         0x00020000         xr
SRAM             0x1ffff000         0x00004000         xrw
*default*        0x00000000         0xffffffff

Linker script and memory map

LOAD ./debug/main.o
LOAD ./debug/allocate_words.o
LOAD ./debug/free_words.o
LOAD ./debug/display_memory.o
LOAD ./debug/write_memory.o
LOAD ./debug/invert_block.o
LOAD ./debug/write_pattern.o
LOAD ./debug/gen_pattern.o
LOAD ./debug/verify_pattern.o
LOAD ./debug/get_address.o
LOAD ./debug/logger.o
LOAD ./debug/led_control.o
LOAD ./debug/timing_control.o
LOAD ./debug/mtb.o
LOAD ./debug/semihost_hardfault.o
LOAD ./debug/fsl_clock.o
LOAD ./debug/fsl_common.o
LOAD ./debug/fsl_flash.o
LOAD ./debug/fsl_gpio.o
LOAD ./debug/fsl_lpsci.o
LOAD ./debug/fsl_smc.o
LOAD ./debug/fsl_uart.o
LOAD ./debug/fsl_debug_console.o
LOAD ./debug/board.o
LOAD ./debug/clock_config.o
LOAD ./debug/peripherals.o
LOAD ./debug/pin_mux.o
LOAD ./debug/system_MKL25Z4.o
LOAD ./debug/startup_mkl25z4.o
START GROUP
LOAD c:/nxp/mcuxpressoide_11.0.1_2563/ide/plugins/com.nxp.mcuxpresso.tools.win32_11.0.1.201907311258/tools/bin/../lib/gcc/arm-none-eabi/8.2.1/../../../../arm-none-eabi/lib/thumb/v6-m/nofp\libcr_semihost_nf.a
LOAD c:/nxp/mcuxpressoide_11.0.1_2563/ide/plugins/com.nxp.mcuxpresso.tools.win32_11.0.1.201907311258/tools/bin/../lib/gcc/arm-none-eabi/8.2.1/../../../../arm-none-eabi/lib/thumb/v6-m/nofp\libcr_c.a
LOAD c:/nxp/mcuxpressoide_11.0.1_2563/ide/plugins/com.nxp.mcuxpresso.tools.win32_11.0.1.201907311258/tools/bin/../lib/gcc/arm-none-eabi/8.2.1/thumb/v6-m/nofp\libcr_eabihelpers.a
LOAD c:/nxp/mcuxpressoide_11.0.1_2563/ide/plugins/com.nxp.mcuxpresso.tools.win32_11.0.1.201907311258/tools/bin/../lib/gcc/arm-none-eabi/8.2.1/thumb/v6-m/nofp\libgcc.a
END GROUP
                0x00000000                __base_PROGRAM_FLASH = 0x0
                0x00000000                __base_Flash = 0x0
                0x00020000                __top_PROGRAM_FLASH = 0x20000
                0x00020000                __top_Flash = 0x20000
                0x1ffff000                __base_SRAM = 0x1ffff000
                0x1ffff000                __base_RAM = 0x1ffff000
                0x20003000                __top_SRAM = 0x20003000
                0x20003000                __top_RAM = 0x20003000

.text           0x00000000     0x3218
 FILL mask 0xff
                0x00000000                __vectors_start__ = ABSOLUTE (.)
 *(.isr_vector)
 .isr_vector    0x00000000       0xc0 ./debug/startup_mkl25z4.o
                0x00000000                g_pfnVectors
                0x00000000                __Vectors
                0x000000c0                . = ALIGN (0x4)
                0x000000c0                __section_table_start = .
                0x000000c0                __data_section_table = .
                0x000000c0        0x4 LONG 0x3218 LOADADDR (.data)
                0x000000c4        0x4 LONG 0x1ffff000 ADDR (.data)
                0x000000c8        0x4 LONG 0x8 SIZEOF (.data)
                0x000000cc                __data_section_table_end = .
                0x000000cc                __bss_section_table = .
                0x000000cc        0x4 LONG 0x1ffff008 ADDR (.bss)
                0x000000d0        0x4 LONG 0x40 SIZEOF (.bss)
                0x000000d4                __bss_section_table_end = .
                0x000000d4                __section_table_end = .
 *(.after_vectors*)
 .after_vectors.init_data
                0x000000d4       0x40 ./debug/startup_mkl25z4.o
                0x000000d4                data_init
 .after_vectors.init_bss
                0x00000114       0x34 ./debug/startup_mkl25z4.o
                0x00000114                bss_init
 .after_vectors.reset
                0x00000148       0x84 ./debug/startup_mkl25z4.o
                0x00000148                ResetISR
 .after_vectors
                0x000001cc      0x1e4 ./debug/startup_mkl25z4.o
                0x000001cc                NMI_Handler
                0x000001d2                HardFault_Handler
                0x000001d8                SVC_Handler
                0x000001de                PendSV_Handler
                0x000001e4                SysTick_Handler
                0x000001ea                LPTMR0_DriverIRQHandler
                0x000001ea                Reserved39_DriverIRQHandler
                0x000001ea                I2C0_DriverIRQHandler
                0x000001ea                SPI1_DriverIRQHandler
                0x000001ea                DMA0_DriverIRQHandler
                0x000001ea                PORTD_DriverIRQHandler
                0x000001ea                DMA2_DriverIRQHandler
                0x000001ea                CMP0_DriverIRQHandler
                0x000001ea                TPM2_DriverIRQHandler
                0x000001ea                ADC0_DriverIRQHandler
                0x000001ea                SPI0_DriverIRQHandler
                0x000001ea                TSI0_DriverIRQHandler
                0x000001ea                RTC_Seconds_DriverIRQHandler
                0x000001ea                I2C1_DriverIRQHandler
                0x000001ea                DMA3_DriverIRQHandler
                0x000001ea                LLWU_DriverIRQHandler
                0x000001ea                MCG_DriverIRQHandler
                0x000001ea                DMA1_DriverIRQHandler
                0x000001ea                PIT_DriverIRQHandler
                0x000001ea                RTC_DriverIRQHandler
                0x000001ea                FTFA_DriverIRQHandler
                0x000001ea                IntDefaultHandler
                0x000001ea                USB0_DriverIRQHandler
                0x000001ea                DAC0_DriverIRQHandler
                0x000001ea                TPM1_DriverIRQHandler
                0x000001ea                LVD_LVW_DriverIRQHandler
                0x000001ea                TPM0_DriverIRQHandler
                0x000001ea                PORTA_DriverIRQHandler
                0x000001ea                Reserved20_DriverIRQHandler
                0x000001ea                Reserved45_DriverIRQHandler
                0x000001f0                DMA0_IRQHandler
                0x000001fe                DMA1_IRQHandler
                0x0000020c                DMA2_IRQHandler
                0x0000021a                DMA3_IRQHandler
                0x00000228                Reserved20_IRQHandler
                0x00000236                FTFA_IRQHandler
                0x00000244                LVD_LVW_IRQHandler
                0x00000252                LLWU_IRQHandler
                0x00000260                I2C0_IRQHandler
                0x0000026e                I2C1_IRQHandler
                0x0000027c                SPI0_IRQHandler
                0x0000028a                SPI1_IRQHandler
                0x00000298                UART0_IRQHandler
                0x000002a6                UART1_IRQHandler
                0x000002b4                UART2_IRQHandler
                0x000002c2                ADC0_IRQHandler
                0x000002d0                CMP0_IRQHandler
                0x000002de                TPM0_IRQHandler
                0x000002ec                TPM1_IRQHandler
                0x000002fa                TPM2_IRQHandler
                0x00000308                RTC_IRQHandler
                0x00000316                RTC_Seconds_IRQHandler
                0x00000324                PIT_IRQHandler
                0x00000332                Reserved39_IRQHandler
                0x00000340                USB0_IRQHandler
                0x0000034e                DAC0_IRQHandler
                0x0000035c                TSI0_IRQHandler
                0x0000036a                MCG_IRQHandler
                0x00000378                LPTMR0_IRQHandler
                0x00000386                Reserved45_IRQHandler
                0x00000394                PORTA_IRQHandler
                0x000003a2                PORTD_IRQHandler
                0x00000400                . = 0x400
 *fill*         0x000003b0       0x50 ff
                0x00000400                PROVIDE (__FLASH_CONFIG_START__ = .)
 *(.FlashConfig)
 .FlashConfig   0x00000400       0x10 ./debug/startup_mkl25z4.o
                0x00000400                Flash_Config
                0x00000410                PROVIDE (__FLASH_CONFIG_END__ = .)
                0x00000001                ASSERT (! ((__FLASH_CONFIG_START__ == __FLASH_CONFIG_END__)), Linker Flash Config Support Enabled, but no .FlashConfig section provided within application)
 *(.text*)
 .text.GPIO_WritePinOutput
                0x00000410       0x34 ./debug/main.o
 .text.main     0x00000444      0x434 ./debug/main.o
                0x00000444                main
 .text.setLED_RedOnError
                0x00000878       0x22 ./debug/main.o
                0x00000878                setLED_RedOnError
 *fill*         0x0000089a        0x2 ff
 .text.allocate_words
                0x0000089c       0x48 ./debug/allocate_words.o
                0x0000089c                allocate_words
 .text.free_words
                0x000008e4       0x2c ./debug/free_words.o
                0x000008e4                free_words
 .text.display_memory
                0x00000910       0x5c ./debug/display_memory.o
                0x00000910                display_memory
 .text.write_memory
                0x0000096c       0x2a ./debug/write_memory.o
                0x0000096c                write_memory
 .text.write_memory_16_bit_value
                0x00000996       0x2a ./debug/write_memory.o
                0x00000996                write_memory_16_bit_value
 .text.invert_block
                0x000009c0       0x58 ./debug/invert_block.o
                0x000009c0                invert_block
 .text.write_pattern
                0x00000a18       0x74 ./debug/write_pattern.o
                0x00000a18                write_pattern
 .text.generate_pattern
                0x00000a8c       0x60 ./debug/gen_pattern.o
                0x00000a8c                generate_pattern
 .text.verify_pattern
                0x00000aec      0x110 ./debug/verify_pattern.o
                0x00000aec                verify_pattern
 .text.get_address
                0x00000bfc       0x1a ./debug/get_address.o
                0x00000bfc                get_address
 *fill*         0x00000c16        0x2 ff
 .text.Log_enable
                0x00000c18       0x14 ./debug/logger.o
                0x00000c18                Log_enable
 .text.Log_disable
                0x00000c2c       0x14 ./debug/logger.o
                0x00000c2c                Log_disable
 .text.Log_status
                0x00000c40       0x14 ./debug/logger.o
                0x00000c40                Log_status
 .text.Log_data
                0x00000c54       0x70 ./debug/logger.o
                0x00000c54                Log_data
 .text.Log_string
                0x00000cc4       0x2c ./debug/logger.o
                0x00000cc4                Log_string
 .text.GPIO_SetPinsOutput
                0x00000cf0       0x18 ./debug/led_control.o
 .text.GPIO_ClearPinsOutput
                0x00000d08       0x18 ./debug/led_control.o
 .text.led_control
                0x00000d20       0xe4 ./debug/led_control.o
                0x00000d20                led_control
 .text.delay    0x00000e04       0x54 ./debug/timing_control.o
                0x00000e04                delay
 .text.CLOCK_SetEr32kClock
                0x00000e58       0x34 ./debug/fsl_clock.o
 .text.CLOCK_SetPllFllSelClock
                0x00000e8c       0x38 ./debug/fsl_clock.o
 .text.OSC_SetExtRefClkConfig
                0x00000ec4       0x3e ./debug/fsl_clock.o
 .text.OSC_SetCapLoad
                0x00000f02       0x42 ./debug/fsl_clock.o
 .text.CLOCK_GetMcgExtClkFreq
                0x00000f44       0x34 ./debug/fsl_clock.o
 .text.CLOCK_GetFllExtRefClkFreq
                0x00000f78       0xa4 ./debug/fsl_clock.o
 .text.CLOCK_GetFllRefClkFreq
                0x0000101c       0x2c ./debug/fsl_clock.o
 .text.CLOCK_GetPll0RefFreq
                0x00001048       0x10 ./debug/fsl_clock.o
 .text.CLOCK_GetOscRangeFromFreq
                0x00001058       0x4c ./debug/fsl_clock.o
 .text.CLOCK_GetPllFllSelClkFreq
                0x000010a4       0x4c ./debug/fsl_clock.o
                0x000010a4                CLOCK_GetPllFllSelClkFreq
 .text.CLOCK_SetSimConfig
                0x000010f0       0x38 ./debug/fsl_clock.o
                0x000010f0                CLOCK_SetSimConfig
 .text.CLOCK_GetFllFreq
                0x00001128       0x84 ./debug/fsl_clock.o
                0x00001128                CLOCK_GetFllFreq
 .text.CLOCK_GetPll0Freq
                0x000011ac       0x80 ./debug/fsl_clock.o
                0x000011ac                CLOCK_GetPll0Freq
 .text.CLOCK_SetExternalRefClkConfig
                0x0000122c       0x16 ./debug/fsl_clock.o
                0x0000122c                CLOCK_SetExternalRefClkConfig
 *fill*         0x00001242        0x2 ff
 .text.CLOCK_SetInternalRefClkConfig
                0x00001244      0x124 ./debug/fsl_clock.o
                0x00001244                CLOCK_SetInternalRefClkConfig
 .text.CLOCK_EnablePll0
                0x00001368       0xa0 ./debug/fsl_clock.o
                0x00001368                CLOCK_EnablePll0
 .text.CLOCK_InitOsc0
                0x00001408       0x94 ./debug/fsl_clock.o
                0x00001408                CLOCK_InitOsc0
 .text.CLOCK_SetPbeMode
                0x0000149c       0xc0 ./debug/fsl_clock.o
                0x0000149c                CLOCK_SetPbeMode
 .text.CLOCK_BootToPeeMode
                0x0000155c       0x80 ./debug/fsl_clock.o
                0x0000155c                CLOCK_BootToPeeMode
 .text.__assert_func
                0x000015dc       0x28 ./debug/fsl_common.o
                0x000015dc                __assert_func
 .text.CLOCK_EnableClock
                0x00001604       0x34 ./debug/fsl_lpsci.o
 .text.LPSCI_GetInstance
                0x00001638       0x54 ./debug/fsl_lpsci.o
                0x00001638                LPSCI_GetInstance
 .text.LPSCI_Init
                0x0000168c      0x268 ./debug/fsl_lpsci.o
                0x0000168c                LPSCI_Init
 .text.LPSCI_GetDefaultConfig
                0x000018f4       0x54 ./debug/fsl_lpsci.o
                0x000018f4                LPSCI_GetDefaultConfig
 .text.LPSCI_GetStatusFlags
                0x00001948       0x26 ./debug/fsl_lpsci.o
                0x00001948                LPSCI_GetStatusFlags
 *fill*         0x0000196e        0x2 ff
 .text.LPSCI_ClearStatusFlags
                0x00001970       0x94 ./debug/fsl_lpsci.o
                0x00001970                LPSCI_ClearStatusFlags
 .text.LPSCI_WriteBlocking
                0x00001a04       0x5c ./debug/fsl_lpsci.o
                0x00001a04                LPSCI_WriteBlocking
 .text.LPSCI_ReadBlocking
                0x00001a60       0xd0 ./debug/fsl_lpsci.o
                0x00001a60                LPSCI_ReadBlocking
 .text.UART0_DriverIRQHandler
                0x00001b30       0x24 ./debug/fsl_lpsci.o
                0x00001b30                UART0_DriverIRQHandler
 .text.CLOCK_EnableClock
                0x00001b54       0x34 ./debug/fsl_uart.o
 .text.UART_GetInstance
                0x00001b88       0x60 ./debug/fsl_uart.o
                0x00001b88                UART_GetInstance
 .text.UART_Init
                0x00001be8      0x1f0 ./debug/fsl_uart.o
                0x00001be8                UART_Init
 .text.UART_GetDefaultConfig
                0x00001dd8       0x54 ./debug/fsl_uart.o
                0x00001dd8                UART_GetDefaultConfig
 .text.UART_GetStatusFlags
                0x00001e2c       0x26 ./debug/fsl_uart.o
                0x00001e2c                UART_GetStatusFlags
 .text.UART_WriteBlocking
                0x00001e52       0x3a ./debug/fsl_uart.o
                0x00001e52                UART_WriteBlocking
 .text.UART_ReadBlocking
                0x00001e8c       0xa8 ./debug/fsl_uart.o
                0x00001e8c                UART_ReadBlocking
 .text.UART1_DriverIRQHandler
                0x00001f34       0x24 ./debug/fsl_uart.o
                0x00001f34                UART1_DriverIRQHandler
 .text.UART2_DriverIRQHandler
                0x00001f58       0x24 ./debug/fsl_uart.o
                0x00001f58                UART2_DriverIRQHandler
 .text.UART_EnableTx
                0x00001f7c       0x40 ./debug/fsl_debug_console.o
 .text.UART_EnableRx
                0x00001fbc       0x40 ./debug/fsl_debug_console.o
 .text.LPSCI_EnableTx
                0x00001ffc       0x40 ./debug/fsl_debug_console.o
 .text.LPSCI_EnableRx
                0x0000203c       0x40 ./debug/fsl_debug_console.o
 .text.DbgConsole_Init
                0x0000207c       0xf0 ./debug/fsl_debug_console.o
                0x0000207c                DbgConsole_Init
 .text.DbgConsole_Printf
                0x0000216c       0x44 ./debug/fsl_debug_console.o
                0x0000216c                DbgConsole_Printf
 .text.DbgConsole_Putchar
                0x000021b0       0x34 ./debug/fsl_debug_console.o
                0x000021b0                DbgConsole_Putchar
 .text.DbgConsole_PrintfPaddingCharacter
                0x000021e4       0x46 ./debug/fsl_debug_console.o
 .text.DbgConsole_ConvertRadixNumToString
                0x0000222a      0x114 ./debug/fsl_debug_console.o
 .text.DbgConsole_PrintfFormattedData
                0x0000233e      0x336 ./debug/fsl_debug_console.o
 .text.CLOCK_SetLpsci0Clock
                0x00002674       0x38 ./debug/board.o
 .text.BOARD_InitDebugConsole
                0x000026ac       0x30 ./debug/board.o
                0x000026ac                BOARD_InitDebugConsole
 .text.CLOCK_SetSimSafeDivs
                0x000026dc       0x20 ./debug/clock_config.o
 .text.CLOCK_SetXtal0Freq
                0x000026fc       0x1c ./debug/clock_config.o
 .text.CLOCK_CONFIG_SetFllExtRefDiv
                0x00002718       0x3c ./debug/clock_config.o
 .text.BOARD_InitBootClocks
                0x00002754        0xe ./debug/clock_config.o
                0x00002754                BOARD_InitBootClocks
 *fill*         0x00002762        0x2 ff
 .text.BOARD_BootClockRUN
                0x00002764       0x64 ./debug/clock_config.o
                0x00002764                BOARD_BootClockRUN
 .text.BOARD_InitBootPeripherals
                0x000027c8        0xa ./debug/peripherals.o
                0x000027c8                BOARD_InitBootPeripherals
 *fill*         0x000027d2        0x2 ff
 .text.CLOCK_EnableClock
                0x000027d4       0x34 ./debug/pin_mux.o
 .text.PORT_SetPinMux
                0x00002808       0x40 ./debug/pin_mux.o
 .text.BOARD_InitBootPins
                0x00002848        0xe ./debug/pin_mux.o
                0x00002848                BOARD_InitBootPins
 *fill*         0x00002856        0x2 ff
 .text.BOARD_InitPins
                0x00002858       0x90 ./debug/pin_mux.o
                0x00002858                BOARD_InitPins
 .text.SystemInit
                0x000028e8       0x18 ./debug/system_MKL25Z4.o
                0x000028e8                SystemInit
 .text.memcpy   0x00002900        0x8 c:/nxp/mcuxpressoide_11.0.1_2563/ide/plugins/com.nxp.mcuxpresso.tools.win32_11.0.1.201907311258/tools/bin/../lib/gcc/arm-none-eabi/8.2.1/../../../../arm-none-eabi/lib/thumb/v6-m/nofp\libcr_c.a(memcpy.o)
                0x00002900                memcpy
 .text.memset   0x00002908        0x8 c:/nxp/mcuxpressoide_11.0.1_2563/ide/plugins/com.nxp.mcuxpresso.tools.win32_11.0.1.201907311258/tools/bin/../lib/gcc/arm-none-eabi/8.2.1/../../../../arm-none-eabi/lib/thumb/v6-m/nofp\libcr_c.a(memset.o)
                0x00002908                memset
 .text.malloc   0x00002910       0xcc c:/nxp/mcuxpressoide_11.0.1_2563/ide/plugins/com.nxp.mcuxpresso.tools.win32_11.0.1.201907311258/tools/bin/../lib/gcc/arm-none-eabi/8.2.1/../../../../arm-none-eabi/lib/thumb/v6-m/nofp\libcr_c.a(alloc.o)
                0x00002910                malloc
 .text.free     0x000029dc       0x2c c:/nxp/mcuxpressoide_11.0.1_2563/ide/plugins/com.nxp.mcuxpresso.tools.win32_11.0.1.201907311258/tools/bin/../lib/gcc/arm-none-eabi/8.2.1/../../../../arm-none-eabi/lib/thumb/v6-m/nofp\libcr_c.a(alloc.o)
                0x000029dc                free
 .text.strlen   0x00002a08       0x58 c:/nxp/mcuxpressoide_11.0.1_2563/ide/plugins/com.nxp.mcuxpresso.tools.win32_11.0.1.201907311258/tools/bin/../lib/gcc/arm-none-eabi/8.2.1/../../../../arm-none-eabi/lib/thumb/v6-m/nofp\libcr_c.a(strlen.o)
                0x00002a08                strlen
 .text._sbrk    0x00002a60       0x40 c:/nxp/mcuxpressoide_11.0.1_2563/ide/plugins/com.nxp.mcuxpresso.tools.win32_11.0.1.201907311258/tools/bin/../lib/gcc/arm-none-eabi/8.2.1/../../../../arm-none-eabi/lib/thumb/v6-m/nofp\libcr_c.a(_cr_sbrk.o)
                0x00002a60                _sbrk
 .text.__check_heap_overflow
                0x00002aa0       0x14 c:/nxp/mcuxpressoide_11.0.1_2563/ide/plugins/com.nxp.mcuxpresso.tools.win32_11.0.1.201907311258/tools/bin/../lib/gcc/arm-none-eabi/8.2.1/../../../../arm-none-eabi/lib/thumb/v6-m/nofp\libcr_c.a(_cr_check_heap.o)
                0x00002aa0                __check_heap_overflow
 .text.__aeabi_division_idivmod
                0x00002ab4       0x78 c:/nxp/mcuxpressoide_11.0.1_2563/ide/plugins/com.nxp.mcuxpresso.tools.win32_11.0.1.201907311258/tools/bin/../lib/gcc/arm-none-eabi/8.2.1/thumb/v6-m/nofp\libcr_eabihelpers.a(division_32.o)
                0x00002ab4                __aeabi_idivmod
                0x00002ab4                __aeabi_idiv
                0x00002aba                __aeabi_uidivmod
                0x00002aba                __aeabi_uidiv
 .text.__aeabi_division_idiv0
                0x00002b2c        0x2 c:/nxp/mcuxpressoide_11.0.1_2563/ide/plugins/com.nxp.mcuxpresso.tools.win32_11.0.1.201907311258/tools/bin/../lib/gcc/arm-none-eabi/8.2.1/thumb/v6-m/nofp\libcr_eabihelpers.a(division_idiv0.o)
                0x00002b2c                __aeabi_idiv0
 *fill*         0x00002b2e        0x2 ff
 .text.__aeabi_ddiv
                0x00002b30      0x148 c:/nxp/mcuxpressoide_11.0.1_2563/ide/plugins/com.nxp.mcuxpresso.tools.win32_11.0.1.201907311258/tools/bin/../lib/gcc/arm-none-eabi/8.2.1/thumb/v6-m/nofp\libcr_eabihelpers.a(double.o)
                0x00002b30                __aeabi_ddiv
 .text.__aeabi_d2uiz
                0x00002c78       0x34 c:/nxp/mcuxpressoide_11.0.1_2563/ide/plugins/com.nxp.mcuxpresso.tools.win32_11.0.1.201907311258/tools/bin/../lib/gcc/arm-none-eabi/8.2.1/thumb/v6-m/nofp\libcr_eabihelpers.a(double.o)
                0x00002c78                __aeabi_d2uiz
 .text.__bhs_ui2d
                0x00002cac       0x5e c:/nxp/mcuxpressoide_11.0.1_2563/ide/plugins/com.nxp.mcuxpresso.tools.win32_11.0.1.201907311258/tools/bin/../lib/gcc/arm-none-eabi/8.2.1/thumb/v6-m/nofp\libcr_eabihelpers.a(double.o)
                0x00002cac                __bhs_ui2d
 .text.__aeabi_ui2d
                0x00002d0a        0xc c:/nxp/mcuxpressoide_11.0.1_2563/ide/plugins/com.nxp.mcuxpresso.tools.win32_11.0.1.201907311258/tools/bin/../lib/gcc/arm-none-eabi/8.2.1/thumb/v6-m/nofp\libcr_eabihelpers.a(double.o)
                0x00002d0a                __aeabi_ui2d
 .text.__aeabi_memcpy
                0x00002d16       0x2c c:/nxp/mcuxpressoide_11.0.1_2563/ide/plugins/com.nxp.mcuxpresso.tools.win32_11.0.1.201907311258/tools/bin/../lib/gcc/arm-none-eabi/8.2.1/thumb/v6-m/nofp\libcr_eabihelpers.a(memcpy.o)
                0x00002d16                __aeabi_memcpy4
                0x00002d16                __aeabi_memcpy8
                0x00002d16                __aeabi_memcpy
 .text.__aeabi_memset_lowlevel
                0x00002d42       0x2a c:/nxp/mcuxpressoide_11.0.1_2563/ide/plugins/com.nxp.mcuxpresso.tools.win32_11.0.1.201907311258/tools/bin/../lib/gcc/arm-none-eabi/8.2.1/thumb/v6-m/nofp\libcr_eabihelpers.a(memcpy.o)
                0x00002d42                __aeabi_lowlevel_memset
 *(.rodata .rodata.* .constdata .constdata.*)
 .rodata        0x00002d6c       0x27 ./debug/main.o
 *fill*         0x00002d93        0x1 ff
 .rodata        0x00002d94       0x48 ./debug/allocate_words.o
 .rodata        0x00002ddc       0x1e ./debug/free_words.o
 *fill*         0x00002dfa        0x2 ff
 .rodata        0x00002dfc       0x13 ./debug/display_memory.o
 *fill*         0x00002e0f        0x1 ff
 .rodata        0x00002e10       0x18 ./debug/invert_block.o
 .rodata        0x00002e28       0x1b ./debug/write_pattern.o
 *fill*         0x00002e43        0x1 ff
 .rodata        0x00002e44       0x69 ./debug/verify_pattern.o
 *fill*         0x00002ead        0x3 ff
 .rodata        0x00002eb0       0x34 ./debug/logger.o
 .rodata        0x00002ee4       0x43 ./debug/fsl_clock.o
 *fill*         0x00002f27        0x1 ff
 .rodata.__func__.5326
                0x00002f28       0x17 ./debug/fsl_clock.o
 *fill*         0x00002f3f        0x1 ff
 .rodata.fllFactorTable.5432
                0x00002f40       0x10 ./debug/fsl_clock.o
 .rodata.__func__.5447
                0x00002f50       0x12 ./debug/fsl_clock.o
 *fill*         0x00002f62        0x2 ff
 .rodata.__func__.5487
                0x00002f64       0x11 ./debug/fsl_clock.o
 *fill*         0x00002f75        0x3 ff
 .rodata.__func__.5624
                0x00002f78       0x11 ./debug/fsl_clock.o
 *fill*         0x00002f89        0x3 ff
 .rodata.__func__.5691
                0x00002f8c       0x14 ./debug/fsl_clock.o
 .rodata        0x00002fa0       0x3e ./debug/fsl_common.o
 *fill*         0x00002fde        0x2 ff
 .rodata        0x00002fe0       0xae ./debug/fsl_lpsci.o
 *fill*         0x0000308e        0x2 ff
 .rodata.__func__.5507
                0x00003090       0x12 ./debug/fsl_lpsci.o
 *fill*         0x000030a2        0x2 ff
 .rodata.__func__.5543
                0x000030a4        0xb ./debug/fsl_lpsci.o
 *fill*         0x000030af        0x1 ff
 .rodata.__func__.5564
                0x000030b0       0x17 ./debug/fsl_lpsci.o
 *fill*         0x000030c7        0x1 ff
 .rodata.__func__.5609
                0x000030c8       0x14 ./debug/fsl_lpsci.o
 .rodata.__func__.5621
                0x000030dc       0x13 ./debug/fsl_lpsci.o
 *fill*         0x000030ef        0x1 ff
 .rodata.s_uartBases
                0x000030f0        0xc ./debug/fsl_uart.o
 .rodata.s_uartClock
                0x000030fc        0xc ./debug/fsl_uart.o
 .rodata        0x00003108       0xa6 ./debug/fsl_uart.o
 *fill*         0x000031ae        0x2 ff
 .rodata.__func__.5510
                0x000031b0       0x11 ./debug/fsl_uart.o
 *fill*         0x000031c1        0x3 ff
 .rodata.__func__.5526
                0x000031c4        0xa ./debug/fsl_uart.o
 *fill*         0x000031ce        0x2 ff
 .rodata.__func__.5539
                0x000031d0       0x16 ./debug/fsl_uart.o
 *fill*         0x000031e6        0x2 ff
 .rodata.__func__.5597
                0x000031e8       0x12 ./debug/fsl_uart.o
 *fill*         0x000031fa        0x2 ff
 .rodata.mcgConfig_BOARD_BootClockRUN
                0x000031fc        0xa ./debug/clock_config.o
                0x000031fc                mcgConfig_BOARD_BootClockRUN
 *fill*         0x00003206        0x2 ff
 .rodata.simConfig_BOARD_BootClockRUN
                0x00003208        0x8 ./debug/clock_config.o
                0x00003208                simConfig_BOARD_BootClockRUN
 .rodata.oscConfig_BOARD_BootClockRUN
                0x00003210        0x8 ./debug/clock_config.o
                0x00003210                oscConfig_BOARD_BootClockRUN
                0x00003218                . = ALIGN (0x4)

.glue_7         0x00003218        0x0
 .glue_7        0x00003218        0x0 linker stubs

.glue_7t        0x00003218        0x0
 .glue_7t       0x00003218        0x0 linker stubs

.vfp11_veneer   0x00003218        0x0
 .vfp11_veneer  0x00003218        0x0 linker stubs

.v4_bx          0x00003218        0x0
 .v4_bx         0x00003218        0x0 linker stubs

.iplt           0x00003218        0x0
 .iplt          0x00003218        0x0 ./debug/main.o

.rel.dyn        0x00003218        0x0
 .rel.iplt      0x00003218        0x0 ./debug/main.o

.ARM.extab
 *(.ARM.extab* .gnu.linkonce.armextab.*)
                0x00003218                __exidx_start = .

.ARM.exidx
 *(.ARM.exidx* .gnu.linkonce.armexidx.*)
                0x00003218                __exidx_end = .
                0x00003218                _etext = .

.m_usb_data
 *(m_usb_bdt)

.mtb_buffer_default
 *(.mtb*)

.uninit_RESERVED
                0x1ffff000        0x0
                0x1ffff000                . = ALIGN (0x4)
 *(.bss.$RESERVED*)
                0x1ffff000                . = ALIGN (0x4)
                0x1ffff000                _end_uninit_RESERVED = .

.data           0x1ffff000        0x8 load address 0x00003218
 FILL mask 0xff
                0x1ffff000                _data = .
 *(vtable)
 *(.ramfunc*)
 *(CodeQuickAccess)
 *(DataQuickAccess)
 *(RamFunction)
 *(.data*)
 .data.s_slowIrcFreq
                0x1ffff000        0x4 ./debug/fsl_clock.o
 .data.SystemCoreClock
                0x1ffff004        0x4 ./debug/system_MKL25Z4.o
                0x1ffff004                SystemCoreClock
                0x1ffff008                . = ALIGN (0x4)
                0x1ffff008                _edata = .

.igot.plt       0x1ffff008        0x0 load address 0x00003220
 .igot.plt      0x1ffff008        0x0 ./debug/main.o

.bss            0x1ffff008       0x40 load address 0x00003220
                0x1ffff008                . = ALIGN (0x4)
                0x1ffff008                _bss = .
 *(.bss*)
 .bss.logEnabled
                0x1ffff008        0x1 ./debug/logger.o
 *fill*         0x1ffff009        0x3 
 .bss.s_lpsciHandle
                0x1ffff00c        0x4 ./debug/fsl_lpsci.o
 .bss.s_lpsciIsr
                0x1ffff010        0x4 ./debug/fsl_lpsci.o
 .bss.s_uartHandle
                0x1ffff014        0xc ./debug/fsl_uart.o
 .bss.s_uartIsr
                0x1ffff020        0x4 ./debug/fsl_uart.o
 .bss.s_debugConsole
                0x1ffff024       0x10 ./debug/fsl_debug_console.o
 .bss.__end_of_heap
                0x1ffff034        0x4 c:/nxp/mcuxpressoide_11.0.1_2563/ide/plugins/com.nxp.mcuxpresso.tools.win32_11.0.1.201907311258/tools/bin/../lib/gcc/arm-none-eabi/8.2.1/../../../../arm-none-eabi/lib/thumb/v6-m/nofp\libcr_c.a(__init_alloc.o)
                0x1ffff034                __end_of_heap
 .bss.__heaps   0x1ffff038        0x4 c:/nxp/mcuxpressoide_11.0.1_2563/ide/plugins/com.nxp.mcuxpresso.tools.win32_11.0.1.201907311258/tools/bin/../lib/gcc/arm-none-eabi/8.2.1/../../../../arm-none-eabi/lib/thumb/v6-m/nofp\libcr_c.a(__init_alloc.o)
                0x1ffff038                __heaps
 .bss.errno     0x1ffff03c        0x4 c:/nxp/mcuxpressoide_11.0.1_2563/ide/plugins/com.nxp.mcuxpresso.tools.win32_11.0.1.201907311258/tools/bin/../lib/gcc/arm-none-eabi/8.2.1/../../../../arm-none-eabi/lib/thumb/v6-m/nofp\libcr_c.a(errno.o)
                0x1ffff03c                errno
 *(COMMON)
 COMMON         0x1ffff040        0x8 ./debug/fsl_clock.o
                0x1ffff040                g_xtal32Freq
                0x1ffff044                g_xtal0Freq
                0x1ffff048                . = ALIGN (0x4)
                0x1ffff048                _ebss = .
                [!provide]                PROVIDE (end = .)

.noinit         0x1ffff048        0x0 load address 0x00003220
                0x1ffff048                . = ALIGN (0x4)
                0x1ffff048                _noinit = .
 *(.noinit*)
                0x1ffff048                . = ALIGN (0x4)
                0x1ffff048                _end_noinit = .
                0x00000400                _HeapSize = 0x400

.heap           0x1ffff048      0x400 load address 0x00003220
                0x1ffff048                _pvHeapStart = .
                0x1ffff448                . = (. + _HeapSize)
 *fill*         0x1ffff048      0x400 
                0x1ffff448                . = ALIGN (0x4)
                0x1ffff448                _pvHeapLimit = .
                0x00000400                _StackSize = 0x400

.heap2stackfill
                0x1ffff448      0x400 load address 0x00003220
                0x1ffff848                . = (. + _StackSize)
 *fill*         0x1ffff448      0x400 

.stack          0x20002c00        0x0
                0x20002c00                _vStackBase = .
                0x20002c00                . = ALIGN (0x4)
                0x20003000                _vStackTop = (. + _StackSize)
                0x00000000                _image_start = LOADADDR (.text)
                0x00003220                _image_end = (LOADADDR (.data) + SIZEOF (.data))
                0x00003220                _image_size = (_image_end - _image_start)
OUTPUT(./debug/ECEN5813_Project_3.axf elf32-littlearm)

.debug_info     0x00000000    0x1469d
 .debug_info    0x00000000      0xe5c ./debug/main.o
 .debug_info    0x00000e5c      0x9a1 ./debug/allocate_words.o
 .debug_info    0x000017fd      0x982 ./debug/free_words.o
 .debug_info    0x0000217f      0xa0e ./debug/display_memory.o
 .debug_info    0x00002b8d      0x153 ./debug/write_memory.o
 .debug_info    0x00002ce0      0xa12 ./debug/invert_block.o
 .debug_info    0x000036f2      0xa61 ./debug/write_pattern.o
 .debug_info    0x00004153      0x9d5 ./debug/gen_pattern.o
 .debug_info    0x00004b28      0xa98 ./debug/verify_pattern.o
 .debug_info    0x000055c0      0x971 ./debug/get_address.o
 .debug_info    0x00005f31      0xbf4 ./debug/logger.o
 .debug_info    0x00006b25      0xdd6 ./debug/led_control.o
 .debug_info    0x000078fb      0xcb1 ./debug/timing_control.o
 .debug_info    0x000085ac     0x2409 ./debug/fsl_clock.o
 .debug_info    0x0000a9b5      0xce0 ./debug/fsl_common.o
 .debug_info    0x0000b695     0x1f25 ./debug/fsl_lpsci.o
 .debug_info    0x0000d5ba     0x1ea2 ./debug/fsl_uart.o
 .debug_info    0x0000f45c     0x17de ./debug/fsl_debug_console.o
 .debug_info    0x00010c3a      0xf78 ./debug/board.o
 .debug_info    0x00011bb2     0x137c ./debug/clock_config.o
 .debug_info    0x00012f2e       0x38 ./debug/peripherals.o
 .debug_info    0x00012f66      0xe21 ./debug/pin_mux.o
 .debug_info    0x00013d87      0x421 ./debug/system_MKL25Z4.o
 .debug_info    0x000141a8      0x4f5 ./debug/startup_mkl25z4.o

.debug_abbrev   0x00000000     0x381e
 .debug_abbrev  0x00000000      0x290 ./debug/main.o
 .debug_abbrev  0x00000290      0x1f5 ./debug/allocate_words.o
 .debug_abbrev  0x00000485      0x1e2 ./debug/free_words.o
 .debug_abbrev  0x00000667      0x224 ./debug/display_memory.o
 .debug_abbrev  0x0000088b       0xbc ./debug/write_memory.o
 .debug_abbrev  0x00000947      0x22d ./debug/invert_block.o
 .debug_abbrev  0x00000b74      0x22d ./debug/write_pattern.o
 .debug_abbrev  0x00000da1      0x1fe ./debug/gen_pattern.o
 .debug_abbrev  0x00000f9f      0x238 ./debug/verify_pattern.o
 .debug_abbrev  0x000011d7      0x1e4 ./debug/get_address.o
 .debug_abbrev  0x000013bb      0x24c ./debug/logger.o
 .debug_abbrev  0x00001607      0x268 ./debug/led_control.o
 .debug_abbrev  0x0000186f      0x227 ./debug/timing_control.o
 .debug_abbrev  0x00001a96      0x436 ./debug/fsl_clock.o
 .debug_abbrev  0x00001ecc      0x379 ./debug/fsl_common.o
 .debug_abbrev  0x00002245      0x3c2 ./debug/fsl_lpsci.o
 .debug_abbrev  0x00002607      0x3dc ./debug/fsl_uart.o
 .debug_abbrev  0x000029e3      0x389 ./debug/fsl_debug_console.o
 .debug_abbrev  0x00002d6c      0x259 ./debug/board.o
 .debug_abbrev  0x00002fc5      0x2e5 ./debug/clock_config.o
 .debug_abbrev  0x000032aa       0x2e ./debug/peripherals.o
 .debug_abbrev  0x000032d8      0x2a0 ./debug/pin_mux.o
 .debug_abbrev  0x00003578      0x12b ./debug/system_MKL25Z4.o
 .debug_abbrev  0x000036a3      0x17b ./debug/startup_mkl25z4.o

.debug_aranges  0x00000000      0x948
 .debug_aranges
                0x00000000       0x30 ./debug/main.o
 .debug_aranges
                0x00000030       0x20 ./debug/allocate_words.o
 .debug_aranges
                0x00000050       0x20 ./debug/free_words.o
 .debug_aranges
                0x00000070       0x20 ./debug/display_memory.o
 .debug_aranges
                0x00000090       0x28 ./debug/write_memory.o
 .debug_aranges
                0x000000b8       0x20 ./debug/invert_block.o
 .debug_aranges
                0x000000d8       0x20 ./debug/write_pattern.o
 .debug_aranges
                0x000000f8       0x20 ./debug/gen_pattern.o
 .debug_aranges
                0x00000118       0x20 ./debug/verify_pattern.o
 .debug_aranges
                0x00000138       0x20 ./debug/get_address.o
 .debug_aranges
                0x00000158       0x48 ./debug/logger.o
 .debug_aranges
                0x000001a0       0x30 ./debug/led_control.o
 .debug_aranges
                0x000001d0       0x20 ./debug/timing_control.o
 .debug_aranges
                0x000001f0      0x1d8 ./debug/fsl_clock.o
 .debug_aranges
                0x000003c8       0x38 ./debug/fsl_common.o
 .debug_aranges
                0x00000400      0x118 ./debug/fsl_lpsci.o
 .debug_aranges
                0x00000518      0x130 ./debug/fsl_uart.o
 .debug_aranges
                0x00000648       0xa0 ./debug/fsl_debug_console.o
 .debug_aranges
                0x000006e8       0x28 ./debug/board.o
 .debug_aranges
                0x00000710       0x58 ./debug/clock_config.o
 .debug_aranges
                0x00000768       0x20 ./debug/peripherals.o
 .debug_aranges
                0x00000788       0x38 ./debug/pin_mux.o
 .debug_aranges
                0x000007c0       0x28 ./debug/system_MKL25Z4.o
 .debug_aranges
                0x000007e8      0x160 ./debug/startup_mkl25z4.o

.debug_ranges   0x00000000      0x7c8
 .debug_ranges  0x00000000       0x20 ./debug/main.o
 .debug_ranges  0x00000020       0x10 ./debug/allocate_words.o
 .debug_ranges  0x00000030       0x10 ./debug/free_words.o
 .debug_ranges  0x00000040       0x10 ./debug/display_memory.o
 .debug_ranges  0x00000050       0x18 ./debug/write_memory.o
 .debug_ranges  0x00000068       0x10 ./debug/invert_block.o
 .debug_ranges  0x00000078       0x10 ./debug/write_pattern.o
 .debug_ranges  0x00000088       0x10 ./debug/gen_pattern.o
 .debug_ranges  0x00000098       0x10 ./debug/verify_pattern.o
 .debug_ranges  0x000000a8       0x10 ./debug/get_address.o
 .debug_ranges  0x000000b8       0x38 ./debug/logger.o
 .debug_ranges  0x000000f0       0x20 ./debug/led_control.o
 .debug_ranges  0x00000110       0x10 ./debug/timing_control.o
 .debug_ranges  0x00000120      0x1c8 ./debug/fsl_clock.o
 .debug_ranges  0x000002e8       0x28 ./debug/fsl_common.o
 .debug_ranges  0x00000310      0x108 ./debug/fsl_lpsci.o
 .debug_ranges  0x00000418      0x120 ./debug/fsl_uart.o
 .debug_ranges  0x00000538       0x90 ./debug/fsl_debug_console.o
 .debug_ranges  0x000005c8       0x18 ./debug/board.o
 .debug_ranges  0x000005e0       0x48 ./debug/clock_config.o
 .debug_ranges  0x00000628       0x10 ./debug/peripherals.o
 .debug_ranges  0x00000638       0x28 ./debug/pin_mux.o
 .debug_ranges  0x00000660       0x18 ./debug/system_MKL25Z4.o
 .debug_ranges  0x00000678      0x150 ./debug/startup_mkl25z4.o

.debug_line     0x00000000     0x7446
 .debug_line    0x00000000      0x44c ./debug/main.o
 .debug_line    0x0000044c      0x2f4 ./debug/allocate_words.o
 .debug_line    0x00000740      0x2eb ./debug/free_words.o
 .debug_line    0x00000a2b      0x303 ./debug/display_memory.o
 .debug_line    0x00000d2e      0x1ab ./debug/write_memory.o
 .debug_line    0x00000ed9      0x319 ./debug/invert_block.o
 .debug_line    0x000011f2      0x324 ./debug/write_pattern.o
 .debug_line    0x00001516      0x2d1 ./debug/gen_pattern.o
 .debug_line    0x000017e7      0x368 ./debug/verify_pattern.o
 .debug_line    0x00001b4f      0x2b0 ./debug/get_address.o
 .debug_line    0x00001dff      0x3a7 ./debug/logger.o
 .debug_line    0x000021a6      0x38d ./debug/led_control.o
 .debug_line    0x00002533      0x28c ./debug/timing_control.o
 .debug_line    0x000027bf     0x12cd ./debug/fsl_clock.o
 .debug_line    0x00003a8c      0x3e2 ./debug/fsl_common.o
 .debug_line    0x00003e6e      0xd51 ./debug/fsl_lpsci.o
 .debug_line    0x00004bbf      0xd3f ./debug/fsl_uart.o
 .debug_line    0x000058fe      0xcf2 ./debug/fsl_debug_console.o
 .debug_line    0x000065f0      0x2a0 ./debug/board.o
 .debug_line    0x00006890      0x37d ./debug/clock_config.o
 .debug_line    0x00006c0d       0x48 ./debug/peripherals.o
 .debug_line    0x00006c55      0x2ee ./debug/pin_mux.o
 .debug_line    0x00006f43      0x2bd ./debug/system_MKL25Z4.o
 .debug_line    0x00007200      0x246 ./debug/startup_mkl25z4.o

.debug_str      0x00000000     0x4271
 .debug_str     0x00000000      0x991 ./debug/main.o
                                0xa3e (size before relaxing)
 .debug_str     0x00000991       0x45 ./debug/allocate_words.o
                                0x601 (size before relaxing)
 .debug_str     0x000009d6       0x1f ./debug/free_words.o
                                0x5db (size before relaxing)
 .debug_str     0x000009f5       0x27 ./debug/display_memory.o
                                0x629 (size before relaxing)
 .debug_str     0x00000a1c       0x3d ./debug/write_memory.o
                                0x22b (size before relaxing)
 .debug_str     0x00000a59       0x29 ./debug/invert_block.o
                                0x62b (size before relaxing)
 .debug_str     0x00000a82       0x2e ./debug/write_pattern.o
                                0x652 (size before relaxing)
 .debug_str     0x00000ab0       0x37 ./debug/gen_pattern.o
                                0x605 (size before relaxing)
 .debug_str     0x00000ae7       0x5e ./debug/verify_pattern.o
                                0x67e (size before relaxing)
 .debug_str     0x00000b45       0x2d ./debug/get_address.o
                                0x5c7 (size before relaxing)
 .debug_str     0x00000b72      0x4ec ./debug/logger.o
                                0xae5 (size before relaxing)
 .debug_str     0x0000105e       0x5c ./debug/led_control.o
                                0x9f1 (size before relaxing)
 .debug_str     0x000010ba       0x3d ./debug/timing_control.o
                                0x966 (size before relaxing)
 .debug_str     0x000010f7      0xe91 ./debug/fsl_clock.o
                               0x1bc8 (size before relaxing)
 .debug_str     0x00001f88      0x304 ./debug/fsl_common.o
                                0x8cc (size before relaxing)
 .debug_str     0x0000228c      0xacf ./debug/fsl_lpsci.o
                               0x1990 (size before relaxing)
 .debug_str     0x00002d5b      0x8e3 ./debug/fsl_uart.o
                               0x199c (size before relaxing)
 .debug_str     0x0000363e      0x446 ./debug/fsl_debug_console.o
                               0x1199 (size before relaxing)
 .debug_str     0x00003a84       0x49 ./debug/board.o
                                0xa53 (size before relaxing)
 .debug_str     0x00003acd      0x234 ./debug/clock_config.o
                               0x1191 (size before relaxing)
 .debug_str     0x00003d01       0x2e ./debug/peripherals.o
                                0x13e (size before relaxing)
 .debug_str     0x00003d2f      0x165 ./debug/pin_mux.o
                                0x99a (size before relaxing)
 .debug_str     0x00003e94       0x4c ./debug/system_MKL25Z4.o
                                0x315 (size before relaxing)
 .debug_str     0x00003ee0      0x391 ./debug/startup_mkl25z4.o
                                0x4b4 (size before relaxing)

.comment        0x00000000       0x75
 .comment       0x00000000       0x75 ./debug/main.o
                                 0x76 (size before relaxing)
 .comment       0x00000075       0x76 ./debug/allocate_words.o
 .comment       0x00000075       0x76 ./debug/free_words.o
 .comment       0x00000075       0x76 ./debug/display_memory.o
 .comment       0x00000075       0x76 ./debug/write_memory.o
 .comment       0x00000075       0x76 ./debug/invert_block.o
 .comment       0x00000075       0x76 ./debug/write_pattern.o
 .comment       0x00000075       0x76 ./debug/gen_pattern.o
 .comment       0x00000075       0x76 ./debug/verify_pattern.o
 .comment       0x00000075       0x76 ./debug/get_address.o
 .comment       0x00000075       0x76 ./debug/logger.o
 .comment       0x00000075       0x76 ./debug/led_control.o
 .comment       0x00000075       0x76 ./debug/timing_control.o
 .comment       0x00000075       0x76 ./debug/fsl_clock.o
 .comment       0x00000075       0x76 ./debug/fsl_common.o
 .comment       0x00000075       0x76 ./debug/fsl_lpsci.o
 .comment       0x00000075       0x76 ./debug/fsl_uart.o
 .comment       0x00000075       0x76 ./debug/fsl_debug_console.o
 .comment       0x00000075       0x76 ./debug/board.o
 .comment       0x00000075       0x76 ./debug/clock_config.o
 .comment       0x00000075       0x76 ./debug/peripherals.o
 .comment       0x00000075       0x76 ./debug/pin_mux.o
 .comment       0x00000075       0x76 ./debug/system_MKL25Z4.o
 .comment       0x00000075       0x76 ./debug/startup_mkl25z4.o
 .comment       0x00000075       0x76 c:/nxp/mcuxpressoide_11.0.1_2563/ide/plugins/com.nxp.mcuxpresso.tools.win32_11.0.1.201907311258/tools/bin/../lib/gcc/arm-none-eabi/8.2.1/../../../../arm-none-eabi/lib/thumb/v6-m/nofp\libcr_c.a(memcpy.o)
 .comment       0x00000075       0x76 c:/nxp/mcuxpressoide_11.0.1_2563/ide/plugins/com.nxp.mcuxpresso.tools.win32_11.0.1.201907311258/tools/bin/../lib/gcc/arm-none-eabi/8.2.1/../../../../arm-none-eabi/lib/thumb/v6-m/nofp\libcr_c.a(memset.o)
 .comment       0x00000075       0x76 c:/nxp/mcuxpressoide_11.0.1_2563/ide/plugins/com.nxp.mcuxpresso.tools.win32_11.0.1.201907311258/tools/bin/../lib/gcc/arm-none-eabi/8.2.1/../../../../arm-none-eabi/lib/thumb/v6-m/nofp\libcr_c.a(alloc.o)
 .comment       0x00000075       0x76 c:/nxp/mcuxpressoide_11.0.1_2563/ide/plugins/com.nxp.mcuxpresso.tools.win32_11.0.1.201907311258/tools/bin/../lib/gcc/arm-none-eabi/8.2.1/../../../../arm-none-eabi/lib/thumb/v6-m/nofp\libcr_c.a(strlen.o)
 .comment       0x00000075       0x76 c:/nxp/mcuxpressoide_11.0.1_2563/ide/plugins/com.nxp.mcuxpresso.tools.win32_11.0.1.201907311258/tools/bin/../lib/gcc/arm-none-eabi/8.2.1/../../../../arm-none-eabi/lib/thumb/v6-m/nofp\libcr_c.a(__init_alloc.o)
 .comment       0x00000075       0x76 c:/nxp/mcuxpressoide_11.0.1_2563/ide/plugins/com.nxp.mcuxpresso.tools.win32_11.0.1.201907311258/tools/bin/../lib/gcc/arm-none-eabi/8.2.1/../../../../arm-none-eabi/lib/thumb/v6-m/nofp\libcr_c.a(_cr_sbrk.o)
 .comment       0x00000075       0x76 c:/nxp/mcuxpressoide_11.0.1_2563/ide/plugins/com.nxp.mcuxpresso.tools.win32_11.0.1.201907311258/tools/bin/../lib/gcc/arm-none-eabi/8.2.1/../../../../arm-none-eabi/lib/thumb/v6-m/nofp\libcr_c.a(errno.o)
 .comment       0x00000075       0x76 c:/nxp/mcuxpressoide_11.0.1_2563/ide/plugins/com.nxp.mcuxpresso.tools.win32_11.0.1.201907311258/tools/bin/../lib/gcc/arm-none-eabi/8.2.1/../../../../arm-none-eabi/lib/thumb/v6-m/nofp\libcr_c.a(_cr_check_heap.o)
 .comment       0x00000075       0x76 c:/nxp/mcuxpressoide_11.0.1_2563/ide/plugins/com.nxp.mcuxpresso.tools.win32_11.0.1.201907311258/tools/bin/../lib/gcc/arm-none-eabi/8.2.1/thumb/v6-m/nofp\libcr_eabihelpers.a(double.o)

.ARM.attributes
                0x00000000       0x2a
 .ARM.attributes
                0x00000000       0x2c ./debug/main.o
 .ARM.attributes
                0x0000002c       0x2c ./debug/allocate_words.o
 .ARM.attributes
                0x00000058       0x2c ./debug/free_words.o
 .ARM.attributes
                0x00000084       0x2c ./debug/display_memory.o
 .ARM.attributes
                0x000000b0       0x2c ./debug/write_memory.o
 .ARM.attributes
                0x000000dc       0x2c ./debug/invert_block.o
 .ARM.attributes
                0x00000108       0x2c ./debug/write_pattern.o
 .ARM.attributes
                0x00000134       0x2c ./debug/gen_pattern.o
 .ARM.attributes
                0x00000160       0x2c ./debug/verify_pattern.o
 .ARM.attributes
                0x0000018c       0x2c ./debug/get_address.o
 .ARM.attributes
                0x000001b8       0x2c ./debug/logger.o
 .ARM.attributes
                0x000001e4       0x2c ./debug/led_control.o
 .ARM.attributes
                0x00000210       0x2c ./debug/timing_control.o
 .ARM.attributes
                0x0000023c       0x2c ./debug/fsl_clock.o
 .ARM.attributes
                0x00000268       0x2c ./debug/fsl_common.o
 .ARM.attributes
                0x00000294       0x2c ./debug/fsl_lpsci.o
 .ARM.attributes
                0x000002c0       0x2c ./debug/fsl_uart.o
 .ARM.attributes
                0x000002ec       0x2c ./debug/fsl_debug_console.o
 .ARM.attributes
                0x00000318       0x2c ./debug/board.o
 .ARM.attributes
                0x00000344       0x2c ./debug/clock_config.o
 .ARM.attributes
                0x00000370       0x2c ./debug/peripherals.o
 .ARM.attributes
                0x0000039c       0x2c ./debug/pin_mux.o
 .ARM.attributes
                0x000003c8       0x2c ./debug/system_MKL25Z4.o
 .ARM.attributes
                0x000003f4       0x2c ./debug/startup_mkl25z4.o
 .ARM.attributes
                0x00000420       0x2c c:/nxp/mcuxpressoide_11.0.1_2563/ide/plugins/com.nxp.mcuxpresso.tools.win32_11.0.1.201907311258/tools/bin/../lib/gcc/arm-none-eabi/8.2.1/../../../../arm-none-eabi/lib/thumb/v6-m/nofp\libcr_c.a(memcpy.o)
 .ARM.attributes
                0x0000044c       0x2c c:/nxp/mcuxpressoide_11.0.1_2563/ide/plugins/com.nxp.mcuxpresso.tools.win32_11.0.1.201907311258/tools/bin/../lib/gcc/arm-none-eabi/8.2.1/../../../../arm-none-eabi/lib/thumb/v6-m/nofp\libcr_c.a(memset.o)
 .ARM.attributes
                0x00000478       0x2c c:/nxp/mcuxpressoide_11.0.1_2563/ide/plugins/com.nxp.mcuxpresso.tools.win32_11.0.1.201907311258/tools/bin/../lib/gcc/arm-none-eabi/8.2.1/../../../../arm-none-eabi/lib/thumb/v6-m/nofp\libcr_c.a(alloc.o)
 .ARM.attributes
                0x000004a4       0x2c c:/nxp/mcuxpressoide_11.0.1_2563/ide/plugins/com.nxp.mcuxpresso.tools.win32_11.0.1.201907311258/tools/bin/../lib/gcc/arm-none-eabi/8.2.1/../../../../arm-none-eabi/lib/thumb/v6-m/nofp\libcr_c.a(strlen.o)
 .ARM.attributes
                0x000004d0       0x2c c:/nxp/mcuxpressoide_11.0.1_2563/ide/plugins/com.nxp.mcuxpresso.tools.win32_11.0.1.201907311258/tools/bin/../lib/gcc/arm-none-eabi/8.2.1/../../../../arm-none-eabi/lib/thumb/v6-m/nofp\libcr_c.a(__init_alloc.o)
 .ARM.attributes
                0x000004fc       0x2c c:/nxp/mcuxpressoide_11.0.1_2563/ide/plugins/com.nxp.mcuxpresso.tools.win32_11.0.1.201907311258/tools/bin/../lib/gcc/arm-none-eabi/8.2.1/../../../../arm-none-eabi/lib/thumb/v6-m/nofp\libcr_c.a(_cr_sbrk.o)
 .ARM.attributes
                0x00000528       0x31 c:/nxp/mcuxpressoide_11.0.1_2563/ide/plugins/com.nxp.mcuxpresso.tools.win32_11.0.1.201907311258/tools/bin/../lib/gcc/arm-none-eabi/8.2.1/../../../../arm-none-eabi/lib/thumb/v6-m/nofp\libcr_c.a(errno.o)
 .ARM.attributes
                0x00000559       0x2c c:/nxp/mcuxpressoide_11.0.1_2563/ide/plugins/com.nxp.mcuxpresso.tools.win32_11.0.1.201907311258/tools/bin/../lib/gcc/arm-none-eabi/8.2.1/../../../../arm-none-eabi/lib/thumb/v6-m/nofp\libcr_c.a(_cr_check_heap.o)
 .ARM.attributes
                0x00000585       0x1c c:/nxp/mcuxpressoide_11.0.1_2563/ide/plugins/com.nxp.mcuxpresso.tools.win32_11.0.1.201907311258/tools/bin/../lib/gcc/arm-none-eabi/8.2.1/thumb/v6-m/nofp\libcr_eabihelpers.a(division_32.o)
 .ARM.attributes
                0x000005a1       0x1c c:/nxp/mcuxpressoide_11.0.1_2563/ide/plugins/com.nxp.mcuxpresso.tools.win32_11.0.1.201907311258/tools/bin/../lib/gcc/arm-none-eabi/8.2.1/thumb/v6-m/nofp\libcr_eabihelpers.a(division_idiv0.o)
 .ARM.attributes
                0x000005bd       0x2c c:/nxp/mcuxpressoide_11.0.1_2563/ide/plugins/com.nxp.mcuxpresso.tools.win32_11.0.1.201907311258/tools/bin/../lib/gcc/arm-none-eabi/8.2.1/thumb/v6-m/nofp\libcr_eabihelpers.a(double.o)
 .ARM.attributes
                0x000005e9       0x1c c:/nxp/mcuxpressoide_11.0.1_2563/ide/plugins/com.nxp.mcuxpresso.tools.win32_11.0.1.201907311258/tools/bin/../lib/gcc/arm-none-eabi/8.2.1/thumb/v6-m/nofp\libcr_eabihelpers.a(memcpy.o)

.debug_frame    0x00000000     0x1cb0
 .debug_frame   0x00000000       0x70 ./debug/main.o
 .debug_frame   0x00000070       0x30 ./debug/allocate_words.o
 .debug_frame   0x000000a0       0x30 ./debug/free_words.o
 .debug_frame   0x000000d0       0x30 ./debug/display_memory.o
 .debug_frame   0x00000100       0x50 ./debug/write_memory.o
 .debug_frame   0x00000150       0x30 ./debug/invert_block.o
 .debug_frame   0x00000180       0x30 ./debug/write_pattern.o
 .debug_frame   0x000001b0       0x30 ./debug/gen_pattern.o
 .debug_frame   0x000001e0       0x30 ./debug/verify_pattern.o
 .debug_frame   0x00000210       0x30 ./debug/get_address.o
 .debug_frame   0x00000240       0xc4 ./debug/logger.o
 .debug_frame   0x00000304       0x70 ./debug/led_control.o
 .debug_frame   0x00000374       0x30 ./debug/timing_control.o
 .debug_frame   0x000003a4      0x6e4 ./debug/fsl_clock.o
 .debug_frame   0x00000a88       0x90 ./debug/fsl_common.o
 .debug_frame   0x00000b18      0x418 ./debug/fsl_lpsci.o
 .debug_frame   0x00000f30      0x468 ./debug/fsl_uart.o
 .debug_frame   0x00001398      0x230 ./debug/fsl_debug_console.o
 .debug_frame   0x000015c8       0x50 ./debug/board.o
 .debug_frame   0x00001618      0x100 ./debug/clock_config.o
 .debug_frame   0x00001718       0x2c ./debug/peripherals.o
 .debug_frame   0x00001744       0x88 ./debug/pin_mux.o
 .debug_frame   0x000017cc       0x4c ./debug/system_MKL25Z4.o
 .debug_frame   0x00001818      0x498 ./debug/startup_mkl25z4.o
